<html>
<body>
<pre>
<h1>µVision Build Log</h1>
<h2>Tool Versions:</h2>
IDE-Version: µVision V5.23.0.0
Copyright (C) 2017 ARM Ltd and ARM Germany GmbH. All rights reserved.
License Information: Brian Chiu, Mcmaster University, LIC=----
 
Tool Versions:
Toolchain:       MDK-Lite  Version: 5.23
Toolchain Path:  C:\Keil_v5\ARM\ARMCC\Bin
C Compiler:      Armcc.exe V5.06 update 4 (build 422)
Assembler:       Armasm.exe V5.06 update 4 (build 422)
Linker/Locator:  ArmLink.exe V5.06 update 4 (build 422)
Library Manager: ArmAr.exe V5.06 update 4 (build 422)
Hex Converter:   FromElf.exe V5.06 update 4 (build 422)
CPU DLL:         SARMCM3.DLL V5.23
Dialog DLL:      DCM.DLL V1.15.0.0
Target DLL:      STLink\ST-LINKIII-KEIL_SWO.dll V2.0.18.0
Dialog DLL:      TCM.DLL V1.27.0.0
 
<h2>Project:</h2>
C:\Users\Brian\Desktop\School Assignments\3TA4\Lab_3\MDK-ARM\Lab_3.uvprojx
Project File Date:  11/02/2020

<h2>Output:</h2>
*** Using Compiler 'V5.06 update 4 (build 422)', folder: 'C:\Keil_v5\ARM\ARMCC\Bin'
Build target 'Lab_3'
compiling main.c...
../Src/main.c(101): warning:  #1295-D: Deprecated declaration show_time - give arg types
  void show_time();
../Src/main.c(102): warning:  #1295-D: Deprecated declaration store_time - give arg types
  void store_time();
../Src/main.c(103): warning:  #1295-D: Deprecated declaration show_stored - give arg types
  void show_stored();
../Src/main.c(104): warning:  #1295-D: Deprecated declaration show_date - give arg types
  void show_date();
../Src/main.c(105): warning:  #1295-D: Deprecated declaration set_time - give arg types
  void set_time();
../Src/main.c(107): warning:  #1295-D: Deprecated declaration get_day - give arg types
  void get_day();
../Src/main.c(108): warning:  #1295-D: Deprecated declaration get_month - give arg types
  void get_month();
../Src/main.c(247): warning:  #111-D: statement is unreachable
  			BUTTON = NONE;
../Src/main.c(562): warning:  #223-D: function "I2C_ByteWrite" declared implicitly
  			I2C_ByteWrite(&hi2c1,EEPROM_ADDRESS, memLocation, 0);
../Src/main.c(592): warning:  #223-D: function "I2C_ByteWrite" declared implicitly
  	I2C_ByteWrite(&hi2c1,EEPROM_ADDRESS, memLocation, sec);
../Src/main.c(603): warning:  #223-D: function "I2C_ByteRead" declared implicitly
  	sec = I2C_ByteRead(&hi2c1,EEPROM_ADDRESS, memLocation); 							//display first stored time
../Src/main.c(774): warning:  #188-D: enumerated type mixed with another type
  			if(SET_STATE == 0) SET_STATE = 6;
../Src/main.c(779): warning:  #188-D: enumerated type mixed with another type
  			SET_STATE = (SET_STATE+1)%7;
../Src/main.c: 13 warnings, 0 errors
linking...
Program Size: Code=16616 RO-data=580 RW-data=92 ZI-data=1236  
FromELF: creating hex file...
"Lab_3\Lab_3.axf" - 0 Error(s), 13 Warning(s).

<h2>Software Packages used:</h2>

Package Vendor: ARM
                http://www.keil.com/pack/ARM.CMSIS.5.7.0.pack
                ARM::CMSIS:CORE:5.4.0
                CMSIS (Cortex Microcontroller Software Interface Standard)
   * Component: CORE Version: 5.4.0

<h2>Collection of Component include folders:</h2>
  .\RTE\_Lab_3
  C:\Keil_v5\ARM\PACK\ARM\CMSIS\5.7.0\CMSIS\Core\Include
  C:\Keil_v5\ARM\PACK\Keil\STM32L4xx_DFP\1.4.0\Device\Include

<h2>Collection of Component Files used:</h2>

   * Component: ARM::CMSIS:CORE:5.4.0
Build Time Elapsed:  00:00:06
</pre>
</body>
</html>
