Component: ARM Compiler 5.06 update 4 (build 422) Tool: armlink [4d35d2]

==============================================================================

Section Cross References

    startup_stm32l476xx.o(RESET) refers to startup_stm32l476xx.o(STACK) for __initial_sp
    startup_stm32l476xx.o(RESET) refers to startup_stm32l476xx.o(.text) for Reset_Handler
    startup_stm32l476xx.o(RESET) refers to stm32l4xx_it.o(i.NMI_Handler) for NMI_Handler
    startup_stm32l476xx.o(RESET) refers to stm32l4xx_it.o(i.HardFault_Handler) for HardFault_Handler
    startup_stm32l476xx.o(RESET) refers to stm32l4xx_it.o(i.MemManage_Handler) for MemManage_Handler
    startup_stm32l476xx.o(RESET) refers to stm32l4xx_it.o(i.BusFault_Handler) for BusFault_Handler
    startup_stm32l476xx.o(RESET) refers to stm32l4xx_it.o(i.UsageFault_Handler) for UsageFault_Handler
    startup_stm32l476xx.o(RESET) refers to stm32l4xx_it.o(i.SVC_Handler) for SVC_Handler
    startup_stm32l476xx.o(RESET) refers to stm32l4xx_it.o(i.DebugMon_Handler) for DebugMon_Handler
    startup_stm32l476xx.o(RESET) refers to stm32l4xx_it.o(i.PendSV_Handler) for PendSV_Handler
    startup_stm32l476xx.o(RESET) refers to stm32l4xx_it.o(i.SysTick_Handler) for SysTick_Handler
    startup_stm32l476xx.o(RESET) refers to stm32l4xx_it.o(i.EXTI0_IRQHandler) for EXTI0_IRQHandler
    startup_stm32l476xx.o(RESET) refers to stm32l4xx_it.o(i.EXTI1_IRQHandler) for EXTI1_IRQHandler
    startup_stm32l476xx.o(RESET) refers to stm32l4xx_it.o(i.EXTI2_IRQHandler) for EXTI2_IRQHandler
    startup_stm32l476xx.o(RESET) refers to stm32l4xx_it.o(i.EXTI3_IRQHandler) for EXTI3_IRQHandler
    startup_stm32l476xx.o(RESET) refers to stm32l4xx_it.o(i.EXTI9_5_IRQHandler) for EXTI9_5_IRQHandler
    startup_stm32l476xx.o(RESET) refers to stm32l4xx_it.o(i.TIM3_IRQHandler) for TIM3_IRQHandler
    startup_stm32l476xx.o(RESET) refers to stm32l4xx_it.o(i.TIM4_IRQHandler) for TIM4_IRQHandler
    startup_stm32l476xx.o(RESET) refers to stm32l4xx_it.o(i.RNG_IRQHandler) for RNG_IRQHandler
    startup_stm32l476xx.o(.text) refers to system_stm32l4xx.o(i.SystemInit) for SystemInit
    startup_stm32l476xx.o(.text) refers to entry.o(.ARM.Collect$$$$00000000) for __main
    stm32l476g_discovery_glass_lcd.o(i.BSP_LCD_GLASS_BarLevelConfig) refers to stm32l4xx_hal_lcd.o(i.HAL_LCD_Write) for HAL_LCD_Write
    stm32l476g_discovery_glass_lcd.o(i.BSP_LCD_GLASS_BarLevelConfig) refers to stm32l4xx_hal_lcd.o(i.HAL_LCD_UpdateDisplayRequest) for HAL_LCD_UpdateDisplayRequest
    stm32l476g_discovery_glass_lcd.o(i.BSP_LCD_GLASS_BarLevelConfig) refers to stm32l476g_discovery_glass_lcd.o(.data) for .data
    stm32l476g_discovery_glass_lcd.o(i.BSP_LCD_GLASS_BarLevelConfig) refers to stm32l476g_discovery_glass_lcd.o(.bss) for .bss
    stm32l476g_discovery_glass_lcd.o(i.BSP_LCD_GLASS_BlinkConfig) refers to stm32l4xx_hal_lcd.o(i.LCD_WaitForSynchro) for LCD_WaitForSynchro
    stm32l476g_discovery_glass_lcd.o(i.BSP_LCD_GLASS_BlinkConfig) refers to stm32l476g_discovery_glass_lcd.o(.bss) for .bss
    stm32l476g_discovery_glass_lcd.o(i.BSP_LCD_GLASS_Clear) refers to stm32l4xx_hal_lcd.o(i.HAL_LCD_Clear) for HAL_LCD_Clear
    stm32l476g_discovery_glass_lcd.o(i.BSP_LCD_GLASS_Clear) refers to stm32l476g_discovery_glass_lcd.o(.bss) for .bss
    stm32l476g_discovery_glass_lcd.o(i.BSP_LCD_GLASS_ClearBar) refers to stm32l4xx_hal_lcd.o(i.HAL_LCD_Write) for HAL_LCD_Write
    stm32l476g_discovery_glass_lcd.o(i.BSP_LCD_GLASS_ClearBar) refers to stm32l4xx_hal_lcd.o(i.HAL_LCD_UpdateDisplayRequest) for HAL_LCD_UpdateDisplayRequest
    stm32l476g_discovery_glass_lcd.o(i.BSP_LCD_GLASS_ClearBar) refers to stm32l476g_discovery_glass_lcd.o(.bss) for .bss
    stm32l476g_discovery_glass_lcd.o(i.BSP_LCD_GLASS_Contrast) refers to stm32l4xx_hal_lcd.o(i.LCD_WaitForSynchro) for LCD_WaitForSynchro
    stm32l476g_discovery_glass_lcd.o(i.BSP_LCD_GLASS_Contrast) refers to stm32l476g_discovery_glass_lcd.o(.bss) for .bss
    stm32l476g_discovery_glass_lcd.o(i.BSP_LCD_GLASS_DeInit) refers to stm32l476g_discovery_glass_lcd.o(i.LCD_MspDeInit) for LCD_MspDeInit
    stm32l476g_discovery_glass_lcd.o(i.BSP_LCD_GLASS_DeInit) refers to stm32l4xx_hal_lcd.o(i.HAL_LCD_DeInit) for HAL_LCD_DeInit
    stm32l476g_discovery_glass_lcd.o(i.BSP_LCD_GLASS_DeInit) refers to stm32l476g_discovery_glass_lcd.o(.bss) for .bss
    stm32l476g_discovery_glass_lcd.o(i.BSP_LCD_GLASS_DisplayBar) refers to stm32l4xx_hal_lcd.o(i.HAL_LCD_Write) for HAL_LCD_Write
    stm32l476g_discovery_glass_lcd.o(i.BSP_LCD_GLASS_DisplayBar) refers to stm32l4xx_hal_lcd.o(i.HAL_LCD_UpdateDisplayRequest) for HAL_LCD_UpdateDisplayRequest
    stm32l476g_discovery_glass_lcd.o(i.BSP_LCD_GLASS_DisplayBar) refers to stm32l476g_discovery_glass_lcd.o(.bss) for .bss
    stm32l476g_discovery_glass_lcd.o(i.BSP_LCD_GLASS_DisplayChar) refers to stm32l476g_discovery_glass_lcd.o(i.WriteChar) for WriteChar
[...]
    Removing stm32l4xx_hal_pwr_ex.o(i.HAL_PWREx_EnablePVM2), (16 bytes).
    Removing stm32l4xx_hal_pwr_ex.o(i.HAL_PWREx_EnablePVM3), (16 bytes).
    Removing stm32l4xx_hal_pwr_ex.o(i.HAL_PWREx_EnablePVM4), (16 bytes).
    Removing stm32l4xx_hal_pwr_ex.o(i.HAL_PWREx_EnablePullUpPullDownConfig), (16 bytes).
    Removing stm32l4xx_hal_pwr_ex.o(i.HAL_PWREx_EnableSRAM2ContentRetention), (8 bytes).
    Removing stm32l4xx_hal_pwr_ex.o(i.HAL_PWREx_EnableVddIO2), (16 bytes).
    Removing stm32l4xx_hal_pwr_ex.o(i.HAL_PWREx_EnableVddUSB), (16 bytes).
    Removing stm32l4xx_hal_pwr_ex.o(i.HAL_PWREx_EnterSHUTDOWNMode), (36 bytes).
    Removing stm32l4xx_hal_pwr_ex.o(i.HAL_PWREx_EnterSTOP0Mode), (52 bytes).
    Removing stm32l4xx_hal_pwr_ex.o(i.HAL_PWREx_EnterSTOP1Mode), (56 bytes).
    Removing stm32l4xx_hal_pwr_ex.o(i.HAL_PWREx_EnterSTOP2Mode), (56 bytes).
    Removing stm32l4xx_hal_pwr_ex.o(i.HAL_PWREx_PVD_PVM_IRQHandler), (88 bytes).
    Removing stm32l4xx_hal_pwr_ex.o(i.HAL_PWREx_PVM1Callback), (2 bytes).
    Removing stm32l4xx_hal_pwr_ex.o(i.HAL_PWREx_PVM2Callback), (2 bytes).
    Removing stm32l4xx_hal_pwr_ex.o(i.HAL_PWREx_PVM3Callback), (2 bytes).
    Removing stm32l4xx_hal_pwr_ex.o(i.HAL_PWREx_PVM4Callback), (2 bytes).
    Removing stm32l4xx_hal_pwr_ex.o(i.HAL_PWREx_SetSRAM2ContentRetention), (40 bytes).
    Removing stm32l4xx_hal_cortex.o(.rev16_text), (4 bytes).
    Removing stm32l4xx_hal_cortex.o(.revsh_text), (4 bytes).
    Removing stm32l4xx_hal_cortex.o(.rrx_text), (6 bytes).
    Removing stm32l4xx_hal_cortex.o(i.HAL_MPU_ConfigRegion), (84 bytes).
    Removing stm32l4xx_hal_cortex.o(i.HAL_MPU_Disable), (16 bytes).
    Removing stm32l4xx_hal_cortex.o(i.HAL_MPU_Enable), (24 bytes).
    Removing stm32l4xx_hal_cortex.o(i.HAL_NVIC_ClearPendingIRQ), (26 bytes).
    Removing stm32l4xx_hal_cortex.o(i.HAL_NVIC_DisableIRQ), (34 bytes).
    Removing stm32l4xx_hal_cortex.o(i.HAL_NVIC_GetActive), (36 bytes).
    Removing stm32l4xx_hal_cortex.o(i.HAL_NVIC_GetPendingIRQ), (36 bytes).
    Removing stm32l4xx_hal_cortex.o(i.HAL_NVIC_GetPriority), (82 bytes).
    Removing stm32l4xx_hal_cortex.o(i.HAL_NVIC_GetPriorityGrouping), (16 bytes).
    Removing stm32l4xx_hal_cortex.o(i.HAL_NVIC_SetPendingIRQ), (26 bytes).
    Removing stm32l4xx_hal_cortex.o(i.HAL_NVIC_SystemReset), (36 bytes).
    Removing stm32l4xx_hal_cortex.o(i.HAL_SYSTICK_CLKSourceConfig), (24 bytes).
    Removing stm32l4xx_hal_cortex.o(i.HAL_SYSTICK_Callback), (2 bytes).
    Removing stm32l4xx_hal_cortex.o(i.HAL_SYSTICK_IRQHandler), (8 bytes).
    Removing stm32l4xx_hal_exti.o(.rev16_text), (4 bytes).
    Removing stm32l4xx_hal_exti.o(.revsh_text), (4 bytes).
    Removing stm32l4xx_hal_exti.o(.rrx_text), (6 bytes).
    Removing stm32l4xx_hal_exti.o(i.HAL_EXTI_ClearConfigLine), (128 bytes).
    Removing stm32l4xx_hal_exti.o(i.HAL_EXTI_ClearPending), (28 bytes).
    Removing stm32l4xx_hal_exti.o(i.HAL_EXTI_GenerateSWI), (28 bytes).
    Removing stm32l4xx_hal_exti.o(i.HAL_EXTI_GetConfigLine), (172 bytes).
    Removing stm32l4xx_hal_exti.o(i.HAL_EXTI_GetHandle), (12 bytes).
    Removing stm32l4xx_hal_exti.o(i.HAL_EXTI_GetPending), (32 bytes).
    Removing stm32l4xx_hal_exti.o(i.HAL_EXTI_IRQHandler), (44 bytes).
    Removing stm32l4xx_hal_exti.o(i.HAL_EXTI_RegisterCallback), (14 bytes).
    Removing stm32l4xx_hal_exti.o(i.HAL_EXTI_SetConfigLine), (176 bytes).
    Removing stm32l4xx_hal_tim.o(.rev16_text), (4 bytes).
    Removing stm32l4xx_hal_tim.o(.revsh_text), (4 bytes).
    Removing stm32l4xx_hal_tim.o(.rrx_text), (6 bytes).
    Removing stm32l4xx_hal_tim.o(i.HAL_TIM_Base_DeInit), (100 bytes).
    Removing stm32l4xx_hal_tim.o(i.HAL_TIM_Base_GetState), (6 bytes).
    Removing stm32l4xx_hal_tim.o(i.HAL_TIM_Base_MspDeInit), (2 bytes).
    Removing stm32l4xx_hal_tim.o(i.HAL_TIM_Base_MspInit), (2 bytes).
    Removing stm32l4xx_hal_tim.o(i.HAL_TIM_Base_Start), (120 bytes).
    Removing stm32l4xx_hal_tim.o(i.HAL_TIM_Base_Start_DMA), (192 bytes).
    Removing stm32l4xx_hal_tim.o(i.HAL_TIM_Base_Stop), (38 bytes).
    Removing stm32l4xx_hal_tim.o(i.HAL_TIM_Base_Stop_DMA), (58 bytes).
    Removing stm32l4xx_hal_tim.o(i.HAL_TIM_ConfigOCrefClear), (294 bytes).
    Removing stm32l4xx_hal_tim.o(i.HAL_TIM_ConfigTI1Input), (16 bytes).
    Removing stm32l4xx_hal_tim.o(i.HAL_TIM_DMABurstState), (6 bytes).
    Removing stm32l4xx_hal_tim.o(i.HAL_TIM_DMABurst_MultiReadStart), (324 bytes).
    Removing stm32l4xx_hal_tim.o(i.HAL_TIM_DMABurst_MultiWriteStart), (324 bytes).
    Removing stm32l4xx_hal_tim.o(i.HAL_TIM_DMABurst_ReadStart), (18 bytes).
    Removing stm32l4xx_hal_tim.o(i.HAL_TIM_DMABurst_ReadStop), (104 bytes).
    Removing stm32l4xx_hal_tim.o(i.HAL_TIM_DMABurst_WriteStart), (18 bytes).
    Removing stm32l4xx_hal_tim.o(i.HAL_TIM_DMABurst_WriteStop), (112 bytes).
    Removing stm32l4xx_hal_tim.o(i.HAL_TIM_Encoder_DeInit), (76 bytes).
    Removing stm32l4xx_hal_tim.o(i.HAL_TIM_Encoder_GetState), (6 bytes).
    Removing stm32l4xx_hal_tim.o(i.HAL_TIM_Encoder_Init), (168 bytes).
    Removing stm32l4xx_hal_tim.o(i.HAL_TIM_Encoder_MspDeInit), (2 bytes).
    Removing stm32l4xx_hal_tim.o(i.HAL_TIM_Encoder_MspInit), (2 bytes).
    Removing stm32l4xx_hal_tim.o(i.HAL_TIM_Encoder_Start), (142 bytes).
    Removing stm32l4xx_hal_tim.o(i.HAL_TIM_Encoder_Start_DMA), (466 bytes).
    Removing stm32l4xx_hal_tim.o(i.HAL_TIM_Encoder_Start_IT), (182 bytes).
    Removing stm32l4xx_hal_tim.o(i.HAL_TIM_Encoder_Stop), (102 bytes).
    Removing stm32l4xx_hal_tim.o(i.HAL_TIM_Encoder_Stop_DMA), (172 bytes).
    Removing stm32l4xx_hal_tim.o(i.HAL_TIM_Encoder_Stop_IT), (144 bytes).
    Removing stm32l4xx_hal_tim.o(i.HAL_TIM_ErrorCallback), (2 bytes).
    Removing stm32l4xx_hal_tim.o(i.HAL_TIM_GenerateEvent), (38 bytes).
    Removing stm32l4xx_hal_tim.o(i.HAL_TIM_GetActiveChannel), (4 bytes).
    Removing stm32l4xx_hal_tim.o(i.HAL_TIM_GetChannelState), (54 bytes).
    Removing stm32l4xx_hal_tim.o(i.HAL_TIM_IC_CaptureHalfCpltCallback), (2 bytes).
    Removing stm32l4xx_hal_tim.o(i.HAL_TIM_IC_ConfigChannel), (270 bytes).
    Removing stm32l4xx_hal_tim.o(i.HAL_TIM_IC_DeInit), (100 bytes).
    Removing stm32l4xx_hal_tim.o(i.HAL_TIM_IC_GetState), (6 bytes).
    Removing stm32l4xx_hal_tim.o(i.HAL_TIM_IC_Init), (98 bytes).
    Removing stm32l4xx_hal_tim.o(i.HAL_TIM_IC_MspDeInit), (2 bytes).
    Removing stm32l4xx_hal_tim.o(i.HAL_TIM_IC_MspInit), (2 bytes).
    Removing stm32l4xx_hal_tim.o(i.HAL_TIM_IC_Start), (268 bytes).
    Removing stm32l4xx_hal_tim.o(i.HAL_TIM_IC_Start_DMA), (460 bytes).
    Removing stm32l4xx_hal_tim.o(i.HAL_TIM_IC_Start_IT), (308 bytes).
    Removing stm32l4xx_hal_tim.o(i.HAL_TIM_IC_Stop), (108 bytes).
    Removing stm32l4xx_hal_tim.o(i.HAL_TIM_IC_Stop_DMA), (180 bytes).
    Removing stm32l4xx_hal_tim.o(i.HAL_TIM_IC_Stop_IT), (160 bytes).
    Removing stm32l4xx_hal_tim.o(i.HAL_TIM_OC_ConfigChannel), (104 bytes).
    Removing stm32l4xx_hal_tim.o(i.HAL_TIM_OC_DeInit), (100 bytes).
    Removing stm32l4xx_hal_tim.o(i.HAL_TIM_OC_GetState), (6 bytes).
    Removing stm32l4xx_hal_tim.o(i.HAL_TIM_OC_Init), (98 bytes).
    Removing stm32l4xx_hal_tim.o(i.HAL_TIM_OC_MspDeInit), (2 bytes).
    Removing stm32l4xx_hal_tim.o(i.HAL_TIM_OC_MspInit), (2 bytes).
    Removing stm32l4xx_hal_tim.o(i.HAL_TIM_OC_Start), (260 bytes).
    Removing stm32l4xx_hal_tim.o(i.HAL_TIM_OC_Start_DMA), (504 bytes).
    Removing stm32l4xx_hal_tim.o(i.HAL_TIM_OC_Start_IT), (300 bytes).
    Removing stm32l4xx_hal_tim.o(i.HAL_TIM_OC_Stop), (172 bytes).
    Removing stm32l4xx_hal_tim.o(i.HAL_TIM_OC_Stop_DMA), (244 bytes).
    Removing stm32l4xx_hal_tim.o(i.HAL_TIM_OC_Stop_IT), (224 bytes).
    Removing stm32l4xx_hal_tim.o(i.HAL_TIM_OnePulse_ConfigChannel), (224 bytes).
    Removing stm32l4xx_hal_tim.o(i.HAL_TIM_OnePulse_DeInit), (76 bytes).
    Removing stm32l4xx_hal_tim.o(i.HAL_TIM_OnePulse_GetState), (6 bytes).
    Removing stm32l4xx_hal_tim.o(i.HAL_TIM_OnePulse_Init), (86 bytes).
    Removing stm32l4xx_hal_tim.o(i.HAL_TIM_OnePulse_MspDeInit), (2 bytes).
    Removing stm32l4xx_hal_tim.o(i.HAL_TIM_OnePulse_MspInit), (2 bytes).
    Removing stm32l4xx_hal_tim.o(i.HAL_TIM_OnePulse_Start), (144 bytes).
    Removing stm32l4xx_hal_tim.o(i.HAL_TIM_OnePulse_Start_IT), (164 bytes).
    Removing stm32l4xx_hal_tim.o(i.HAL_TIM_OnePulse_Stop), (140 bytes).
    Removing stm32l4xx_hal_tim.o(i.HAL_TIM_OnePulse_Stop_IT), (160 bytes).
    Removing stm32l4xx_hal_tim.o(i.HAL_TIM_PWM_ConfigChannel), (286 bytes).
    Removing stm32l4xx_hal_tim.o(i.HAL_TIM_PWM_DeInit), (100 bytes).
    Removing stm32l4xx_hal_tim.o(i.HAL_TIM_PWM_GetState), (6 bytes).
    Removing stm32l4xx_hal_tim.o(i.HAL_TIM_PWM_Init), (98 bytes).
    Removing stm32l4xx_hal_tim.o(i.HAL_TIM_PWM_MspDeInit), (2 bytes).
    Removing stm32l4xx_hal_tim.o(i.HAL_TIM_PWM_MspInit), (2 bytes).
    Removing stm32l4xx_hal_tim.o(i.HAL_TIM_PWM_PulseFinishedHalfCpltCallback), (2 bytes).
    Removing stm32l4xx_hal_tim.o(i.HAL_TIM_PWM_Start), (260 bytes).
    Removing stm32l4xx_hal_tim.o(i.HAL_TIM_PWM_Start_DMA), (504 bytes).
    Removing stm32l4xx_hal_tim.o(i.HAL_TIM_PWM_Start_IT), (300 bytes).
    Removing stm32l4xx_hal_tim.o(i.HAL_TIM_PWM_Stop), (172 bytes).
    Removing stm32l4xx_hal_tim.o(i.HAL_TIM_PWM_Stop_DMA), (244 bytes).
    Removing stm32l4xx_hal_tim.o(i.HAL_TIM_PWM_Stop_IT), (224 bytes).
    Removing stm32l4xx_hal_tim.o(i.HAL_TIM_PeriodElapsedCallback), (2 bytes).
    Removing stm32l4xx_hal_tim.o(i.HAL_TIM_PeriodElapsedHalfCpltCallback), (2 bytes).
    Removing stm32l4xx_hal_tim.o(i.HAL_TIM_ReadCapturedValue), (42 bytes).
    Removing stm32l4xx_hal_tim.o(i.HAL_TIM_SlaveConfigSynchro), (86 bytes).
    Removing stm32l4xx_hal_tim.o(i.HAL_TIM_SlaveConfigSynchro_IT), (86 bytes).
    Removing stm32l4xx_hal_tim.o(i.HAL_TIM_TriggerHalfCpltCallback), (2 bytes).
    Removing stm32l4xx_hal_tim.o(i.TIM_CCxChannelCmd), (26 bytes).
    Removing stm32l4xx_hal_tim.o(i.TIM_DMACaptureCplt), (110 bytes).
    Removing stm32l4xx_hal_tim.o(i.TIM_DMACaptureHalfCplt), (56 bytes).
    Removing stm32l4xx_hal_tim.o(i.TIM_DMADelayPulseCplt), (94 bytes).
    Removing stm32l4xx_hal_tim.o(i.TIM_DMADelayPulseHalfCplt), (56 bytes).
    Removing stm32l4xx_hal_tim.o(i.TIM_DMAError), (84 bytes).
    Removing stm32l4xx_hal_tim.o(i.TIM_DMAPeriodElapsedCplt), (22 bytes).
    Removing stm32l4xx_hal_tim.o(i.TIM_DMAPeriodElapsedHalfCplt), (10 bytes).
    Removing stm32l4xx_hal_tim.o(i.TIM_DMATriggerCplt), (22 bytes).
    Removing stm32l4xx_hal_tim.o(i.TIM_DMATriggerHalfCplt), (10 bytes).
    Removing stm32l4xx_hal_tim.o(i.TIM_OC1_SetConfig), (156 bytes).
    Removing stm32l4xx_hal_tim.o(i.TIM_OC2_SetConfig), (144 bytes).
    Removing stm32l4xx_hal_tim.o(i.TIM_OC3_SetConfig), (144 bytes).
    Removing stm32l4xx_hal_tim.o(i.TIM_OC4_SetConfig), (116 bytes).
    Removing stm32l4xx_hal_tim.o(i.TIM_OC5_SetConfig), (112 bytes).
    Removing stm32l4xx_hal_tim.o(i.TIM_OC6_SetConfig), (112 bytes).
    Removing stm32l4xx_hal_tim.o(i.TIM_SlaveTimer_SetConfig), (140 bytes).
    Removing stm32l4xx_hal_tim.o(i.TIM_TI1_SetConfig), (120 bytes).
    Removing stm32l4xx_hal_tim.o(i.TIM_TI2_SetConfig), (54 bytes).
    Removing stm32l4xx_hal_tim_ex.o(.rev16_text), (4 bytes).
    Removing stm32l4xx_hal_tim_ex.o(.revsh_text), (4 bytes).
    Removing stm32l4xx_hal_tim_ex.o(.rrx_text), (6 bytes).
    Removing stm32l4xx_hal_tim_ex.o(i.HAL_TIMEx_CommutHalfCpltCallback), (2 bytes).
    Removing stm32l4xx_hal_tim_ex.o(i.HAL_TIMEx_ConfigBreakDeadTime), (140 bytes).
    Removing stm32l4xx_hal_tim_ex.o(i.HAL_TIMEx_ConfigBreakInput), (194 bytes).
    Removing stm32l4xx_hal_tim_ex.o(i.HAL_TIMEx_ConfigCommutEvent), (112 bytes).
    Removing stm32l4xx_hal_tim_ex.o(i.HAL_TIMEx_ConfigCommutEvent_DMA), (144 bytes).
    Removing stm32l4xx_hal_tim_ex.o(i.HAL_TIMEx_ConfigCommutEvent_IT), (112 bytes).
    Removing stm32l4xx_hal_tim_ex.o(i.HAL_TIMEx_GetChannelNState), (34 bytes).
    Removing stm32l4xx_hal_tim_ex.o(i.HAL_TIMEx_GroupChannel5), (56 bytes).
    Removing stm32l4xx_hal_tim_ex.o(i.HAL_TIMEx_HallSensor_DeInit), (76 bytes).
    Removing stm32l4xx_hal_tim_ex.o(i.HAL_TIMEx_HallSensor_GetState), (6 bytes).
    Removing stm32l4xx_hal_tim_ex.o(i.HAL_TIMEx_HallSensor_Init), (212 bytes).
    Removing stm32l4xx_hal_tim_ex.o(i.HAL_TIMEx_HallSensor_MspDeInit), (2 bytes).
    Removing stm32l4xx_hal_tim_ex.o(i.HAL_TIMEx_HallSensor_MspInit), (2 bytes).
    Removing stm32l4xx_hal_tim_ex.o(i.HAL_TIMEx_HallSensor_Start), (168 bytes).
    Removing stm32l4xx_hal_tim_ex.o(i.HAL_TIMEx_HallSensor_Start_DMA), (224 bytes).
    Removing stm32l4xx_hal_tim_ex.o(i.HAL_TIMEx_HallSensor_Start_IT), (180 bytes).
    Removing stm32l4xx_hal_tim_ex.o(i.HAL_TIMEx_HallSensor_Stop), (58 bytes).
    Removing stm32l4xx_hal_tim_ex.o(i.HAL_TIMEx_HallSensor_Stop_DMA), (70 bytes).
    Removing stm32l4xx_hal_tim_ex.o(i.HAL_TIMEx_HallSensor_Stop_IT), (68 bytes).
    Removing stm32l4xx_hal_tim_ex.o(i.HAL_TIMEx_OCN_Start), (192 bytes).
    Removing stm32l4xx_hal_tim_ex.o(i.HAL_TIMEx_OCN_Start_DMA), (376 bytes).
    Removing stm32l4xx_hal_tim_ex.o(i.HAL_TIMEx_OCN_Start_IT), (228 bytes).
    Removing stm32l4xx_hal_tim_ex.o(i.HAL_TIMEx_OCN_Stop), (104 bytes).
    Removing stm32l4xx_hal_tim_ex.o(i.HAL_TIMEx_OCN_Stop_DMA), (158 bytes).
    Removing stm32l4xx_hal_tim_ex.o(i.HAL_TIMEx_OCN_Stop_IT), (160 bytes).
    Removing stm32l4xx_hal_tim_ex.o(i.HAL_TIMEx_OnePulseN_Start), (190 bytes).
    Removing stm32l4xx_hal_tim_ex.o(i.HAL_TIMEx_OnePulseN_Start_IT), (210 bytes).
    Removing stm32l4xx_hal_tim_ex.o(i.HAL_TIMEx_OnePulseN_Stop), (174 bytes).
    Removing stm32l4xx_hal_tim_ex.o(i.HAL_TIMEx_OnePulseN_Stop_IT), (196 bytes).
    Removing stm32l4xx_hal_tim_ex.o(i.HAL_TIMEx_PWMN_Start), (192 bytes).
    Removing stm32l4xx_hal_tim_ex.o(i.HAL_TIMEx_PWMN_Start_DMA), (376 bytes).
    Removing stm32l4xx_hal_tim_ex.o(i.HAL_TIMEx_PWMN_Start_IT), (228 bytes).
    Removing stm32l4xx_hal_tim_ex.o(i.HAL_TIMEx_PWMN_Stop), (104 bytes).
    Removing stm32l4xx_hal_tim_ex.o(i.HAL_TIMEx_PWMN_Stop_DMA), (158 bytes).
    Removing stm32l4xx_hal_tim_ex.o(i.HAL_TIMEx_PWMN_Stop_IT), (160 bytes).
    Removing stm32l4xx_hal_tim_ex.o(i.HAL_TIMEx_RemapConfig), (92 bytes).
    Removing stm32l4xx_hal_tim_ex.o(i.TIMEx_DMACommutationCplt), (16 bytes).
    Removing stm32l4xx_hal_tim_ex.o(i.TIMEx_DMACommutationHalfCplt), (16 bytes).
    Removing stm32l4xx_hal_tim_ex.o(i.TIM_CCxNChannelCmd), (26 bytes).
    Removing stm32l4xx_hal_tim_ex.o(i.TIM_DMADelayPulseNCplt), (94 bytes).
    Removing stm32l4xx_hal_tim_ex.o(i.TIM_DMAErrorCCxN), (62 bytes).
    Removing stm32l4xx_hal_lcd.o(.rev16_text), (4 bytes).
    Removing stm32l4xx_hal_lcd.o(.revsh_text), (4 bytes).
    Removing stm32l4xx_hal_lcd.o(.rrx_text), (6 bytes).
    Removing stm32l4xx_hal_lcd.o(i.HAL_LCD_DeInit), (36 bytes).
    Removing stm32l4xx_hal_lcd.o(i.HAL_LCD_GetError), (4 bytes).
    Removing stm32l4xx_hal_lcd.o(i.HAL_LCD_GetState), (6 bytes).
    Removing stm32l4xx_hal_lcd.o(i.HAL_LCD_MspDeInit), (2 bytes).
    Removing system_stm32l4xx.o(.rev16_text), (4 bytes).
    Removing system_stm32l4xx.o(.revsh_text), (4 bytes).
    Removing system_stm32l4xx.o(.rrx_text), (6 bytes).
    Removing system_stm32l4xx.o(i.SystemCoreClockUpdate), (168 bytes).
    Removing system_stm32l4xx.o(.constdata), (8 bytes).
    Removing dadd.o(.text), (350 bytes).
    Removing dmul.o(.text), (234 bytes).
    Removing ddiv.o(.text), (222 bytes).
    Removing dfixul.o(.text), (48 bytes).
    Removing cdrcmple.o(.text), (48 bytes).
    Removing depilogue.o(.text), (186 bytes).

541 unused section(s) (total 44774 bytes) removed from the image.

==============================================================================

Image Symbol Table

    Local Symbols

    Symbol Name                              Value     Ov Type        Size  Object(Section)

    ../Drivers/STM32L4xx_HAL_Driver/Src/stm32l4xx_hal.c 0x00000000   Number         0  stm32l4xx_hal.o ABSOLUTE
    ../Drivers/STM32L4xx_HAL_Driver/Src/stm32l4xx_hal_cortex.c 0x00000000   Number         0  stm32l4xx_hal_cortex.o ABSOLUTE
    ../Drivers/STM32L4xx_HAL_Driver/Src/stm32l4xx_hal_dma.c 0x00000000   Number         0  stm32l4xx_hal_dma.o ABSOLUTE
    ../Drivers/STM32L4xx_HAL_Driver/Src/stm32l4xx_hal_dma_ex.c 0x00000000   Number         0  stm32l4xx_hal_dma_ex.o ABSOLUTE
    ../Drivers/STM32L4xx_HAL_Driver/Src/stm32l4xx_hal_exti.c 0x00000000   Number         0  stm32l4xx_hal_exti.o ABSOLUTE
    ../Drivers/STM32L4xx_HAL_Driver/Src/stm32l4xx_hal_flash.c 0x00000000   Number         0  stm32l4xx_hal_flash.o ABSOLUTE
    ../Drivers/STM32L4xx_HAL_Driver/Src/stm32l4xx_hal_flash_ex.c 0x00000000   Number         0  stm32l4xx_hal_flash_ex.o ABSOLUTE
    ../Drivers/STM32L4xx_HAL_Driver/Src/stm32l4xx_hal_flash_ramfunc.c 0x00000000   Number         0  stm32l4xx_hal_flash_ramfunc.o ABSOLUTE
    ../Drivers/STM32L4xx_HAL_Driver/Src/stm32l4xx_hal_gpio.c 0x00000000   Number         0  stm32l4xx_hal_gpio.o ABSOLUTE
    ../Drivers/STM32L4xx_HAL_Driver/Src/stm32l4xx_hal_i2c.c 0x00000000   Number         0  stm32l4xx_hal_i2c.o ABSOLUTE
    ../Drivers/STM32L4xx_HAL_Driver/Src/stm32l4xx_hal_i2c_ex.c 0x00000000   Number         0  stm32l4xx_hal_i2c_ex.o ABSOLUTE
    ../Drivers/STM32L4xx_HAL_Driver/Src/stm32l4xx_hal_pwr.c 0x00000000   Number         0  stm32l4xx_hal_pwr.o ABSOLUTE
    ../Drivers/STM32L4xx_HAL_Driver/Src/stm32l4xx_hal_pwr_ex.c 0x00000000   Number         0  stm32l4xx_hal_pwr_ex.o ABSOLUTE
    ../Drivers/STM32L4xx_HAL_Driver/Src/stm32l4xx_hal_rcc.c 0x00000000   Number         0  stm32l4xx_hal_rcc.o ABSOLUTE
    ../Drivers/STM32L4xx_HAL_Driver/Src/stm32l4xx_hal_rcc_ex.c 0x00000000   Number         0  stm32l4xx_hal_rcc_ex.o ABSOLUTE
    ../Drivers/STM32L4xx_HAL_Driver/Src/stm32l4xx_hal_rng.c 0x00000000   Number         0  stm32l4xx_hal_rng.o ABSOLUTE
    ../Drivers/STM32L4xx_HAL_Driver/Src/stm32l4xx_hal_tim.c 0x00000000   Number         0  stm32l4xx_hal_tim.o ABSOLUTE
    ../Drivers/STM32L4xx_HAL_Driver/Src/stm32l4xx_hal_tim_ex.c 0x00000000   Number         0  stm32l4xx_hal_tim_ex.o ABSOLUTE
    ../Src/main.c                            0x00000000   Number         0  main.o ABSOLUTE
    ../Src/stm32l4xx_hal_msp.c               0x00000000   Number         0  stm32l4xx_hal_msp.o ABSOLUTE
    ../Src/stm32l4xx_it.c                    0x00000000   Number         0  stm32l4xx_it.o ABSOLUTE
    ../Src/system_stm32l4xx.c                0x00000000   Number         0  system_stm32l4xx.o ABSOLUTE
    ../clib/microlib/division.c              0x00000000   Number         0  uldiv.o ABSOLUTE
    ../clib/microlib/division.c              0x00000000   Number         0  uidiv.o ABSOLUTE
    ../clib/microlib/init/entry.s            0x00000000   Number         0  entry11a.o ABSOLUTE
    ../clib/microlib/init/entry.s            0x00000000   Number         0  entry8a.o ABSOLUTE
    ../clib/microlib/init/entry.s            0x00000000   Number         0  entry7a.o ABSOLUTE
    ../clib/microlib/init/entry.s            0x00000000   Number         0  entry7b.o ABSOLUTE
    ../clib/microlib/init/entry.s            0x00000000   Number         0  entry8b.o ABSOLUTE
    ../clib/microlib/init/entry.s            0x00000000   Number         0  entry5.o ABSOLUTE
    ../clib/microlib/init/entry.s            0x00000000   Number         0  entry.o ABSOLUTE
    ../clib/microlib/init/entry.s            0x00000000   Number         0  entry2.o ABSOLUTE
    ../clib/microlib/init/entry.s            0x00000000   Number         0  entry9a.o ABSOLUTE
    ../clib/microlib/init/entry.s            0x00000000   Number         0  entry11b.o ABSOLUTE
    ../clib/microlib/init/entry.s            0x00000000   Number         0  entry9b.o ABSOLUTE
    ../clib/microlib/init/entry.s            0x00000000   Number         0  entry10a.o ABSOLUTE
    ../clib/microlib/init/entry.s            0x00000000   Number         0  entry10b.o ABSOLUTE
    ../clib/microlib/longlong.c              0x00000000   Number         0  llushr.o ABSOLUTE
    ../clib/microlib/longlong.c              0x00000000   Number         0  llsshr.o ABSOLUTE
    ../clib/microlib/longlong.c              0x00000000   Number         0  llshl.o ABSOLUTE
    ../clib/microlib/printf/printf.c         0x00000000   Number         0  printf6.o ABSOLUTE
    ../clib/microlib/printf/printf.c         0x00000000   Number         0  printf2.o ABSOLUTE
    ../clib/microlib/printf/printf.c         0x00000000   Number         0  printfb.o ABSOLUTE
    ../clib/microlib/printf/printf.c         0x00000000   Number         0  printf3.o ABSOLUTE
    ../clib/microlib/printf/printf.c         0x00000000   Number         0  printf4.o ABSOLUTE
    ../clib/microlib/printf/printf.c         0x00000000   Number         0  printf7.o ABSOLUTE
    ../clib/microlib/printf/printf.c         0x00000000   Number         0  printf1.o ABSOLUTE
    ../clib/microlib/printf/printf.c         0x00000000   Number         0  printf5.o ABSOLUTE
    ../clib/microlib/printf/printf.c         0x00000000   Number         0  printf8.o ABSOLUTE
    ../clib/microlib/printf/printf.c         0x00000000   Number         0  printfa.o ABSOLUTE
    ../clib/microlib/printf/printf.c         0x00000000   Number         0  printf0.o ABSOLUTE
    ../clib/microlib/printf/stubs.s          0x00000000   Number         0  stubs.o ABSOLUTE
    ../clib/microlib/stdio/fputc.c           0x00000000   Number         0  fputc.o ABSOLUTE
    ../clib/microlib/stdio/semi.s            0x00000000   Number         0  semi.o ABSOLUTE
    ../clib/microlib/stdio/streams.c         0x00000000   Number         0  stdout.o ABSOLUTE
    ../clib/microlib/string/memset.c         0x00000000   Number         0  memseta.o ABSOLUTE
    ../clib/microlib/stubs.s                 0x00000000   Number         0  iusefp.o ABSOLUTE
    ../clib/microlib/stubs.s                 0x00000000   Number         0  iusesemip.o ABSOLUTE
    ../fplib/microlib/fpadd.c                0x00000000   Number         0  dadd.o ABSOLUTE
    ../fplib/microlib/fpdiv.c                0x00000000   Number         0  ddiv.o ABSOLUTE
    ../fplib/microlib/fpepilogue.c           0x00000000   Number         0  depilogue.o ABSOLUTE
    ../fplib/microlib/fpfix.c                0x00000000   Number         0  dfixul.o ABSOLUTE
    ../fplib/microlib/fpmul.c                0x00000000   Number         0  dmul.o ABSOLUTE
    ..\BSP\eeprom.c                          0x00000000   Number         0  eeprom.o ABSOLUTE
    ..\BSP\stm32l476g_discovery.c            0x00000000   Number         0  stm32l476g_discovery.o ABSOLUTE
    ..\BSP\stm32l476g_discovery_glass_lcd.c  0x00000000   Number         0  stm32l476g_discovery_glass_lcd.o ABSOLUTE
    ..\Drivers\STM32L4xx_HAL_Driver\Src\stm32l4xx_hal.c 0x00000000   Number         0  stm32l4xx_hal.o ABSOLUTE
    ..\Drivers\STM32L4xx_HAL_Driver\Src\stm32l4xx_hal_cortex.c 0x00000000   Number         0  stm32l4xx_hal_cortex.o ABSOLUTE
    ..\Drivers\STM32L4xx_HAL_Driver\Src\stm32l4xx_hal_dma.c 0x00000000   Number         0  stm32l4xx_hal_dma.o ABSOLUTE
    ..\Drivers\STM32L4xx_HAL_Driver\Src\stm32l4xx_hal_dma_ex.c 0x00000000   Number         0  stm32l4xx_hal_dma_ex.o ABSOLUTE
    ..\Drivers\STM32L4xx_HAL_Driver\Src\stm32l4xx_hal_exti.c 0x00000000   Number         0  stm32l4xx_hal_exti.o ABSOLUTE
    ..\Drivers\STM32L4xx_HAL_Driver\Src\stm32l4xx_hal_flash.c 0x00000000   Number         0  stm32l4xx_hal_flash.o ABSOLUTE
    ..\Drivers\STM32L4xx_HAL_Driver\Src\stm32l4xx_hal_flash_ex.c 0x00000000   Number         0  stm32l4xx_hal_flash_ex.o ABSOLUTE
    ..\Drivers\STM32L4xx_HAL_Driver\Src\stm32l4xx_hal_flash_ramfunc.c 0x00000000   Number         0  stm32l4xx_hal_flash_ramfunc.o ABSOLUTE
    ..\Drivers\STM32L4xx_HAL_Driver\Src\stm32l4xx_hal_gpio.c 0x00000000   Number         0  stm32l4xx_hal_gpio.o ABSOLUTE
    ..\Drivers\STM32L4xx_HAL_Driver\Src\stm32l4xx_hal_i2c.c 0x00000000   Number         0  stm32l4xx_hal_i2c.o ABSOLUTE
    ..\Drivers\STM32L4xx_HAL_Driver\Src\stm32l4xx_hal_i2c_ex.c 0x00000000   Number         0  stm32l4xx_hal_i2c_ex.o ABSOLUTE
    ..\Drivers\STM32L4xx_HAL_Driver\Src\stm32l4xx_hal_lcd.c 0x00000000   Number         0  stm32l4xx_hal_lcd.o ABSOLUTE
    ..\Drivers\STM32L4xx_HAL_Driver\Src\stm32l4xx_hal_pwr.c 0x00000000   Number         0  stm32l4xx_hal_pwr.o ABSOLUTE
    ..\Drivers\STM32L4xx_HAL_Driver\Src\stm32l4xx_hal_pwr_ex.c 0x00000000   Number         0  stm32l4xx_hal_pwr_ex.o ABSOLUTE
    ..\Drivers\STM32L4xx_HAL_Driver\Src\stm32l4xx_hal_rcc.c 0x00000000   Number         0  stm32l4xx_hal_rcc.o ABSOLUTE
    ..\Drivers\STM32L4xx_HAL_Driver\Src\stm32l4xx_hal_rcc_ex.c 0x00000000   Number         0  stm32l4xx_hal_rcc_ex.o ABSOLUTE
    ..\Drivers\STM32L4xx_HAL_Driver\Src\stm32l4xx_hal_rng.c 0x00000000   Number         0  stm32l4xx_hal_rng.o ABSOLUTE
    ..\Drivers\STM32L4xx_HAL_Driver\Src\stm32l4xx_hal_tim.c 0x00000000   Number         0  stm32l4xx_hal_tim.o ABSOLUTE
    ..\Drivers\STM32L4xx_HAL_Driver\Src\stm32l4xx_hal_tim_ex.c 0x00000000   Number         0  stm32l4xx_hal_tim_ex.o ABSOLUTE
    ..\Src\main.c                            0x00000000   Number         0  main.o ABSOLUTE
    ..\Src\stm32l4xx_hal_msp.c               0x00000000   Number         0  stm32l4xx_hal_msp.o ABSOLUTE
    ..\Src\stm32l4xx_it.c                    0x00000000   Number         0  stm32l4xx_it.o ABSOLUTE
    ..\Src\system_stm32l4xx.c                0x00000000   Number         0  system_stm32l4xx.o ABSOLUTE
    ..\\BSP\\eeprom.c                        0x00000000   Number         0  eeprom.o ABSOLUTE
    ..\\BSP\\stm32l476g_discovery.c          0x00000000   Number         0  stm32l476g_discovery.o ABSOLUTE
    ..\\BSP\\stm32l476g_discovery_glass_lcd.c 0x00000000   Number         0  stm32l476g_discovery_glass_lcd.o ABSOLUTE
    ..\\Drivers\\STM32L4xx_HAL_Driver\\Src\\stm32l4xx_hal_lcd.c 0x00000000   Number         0  stm32l4xx_hal_lcd.o ABSOLUTE
    cdrcmple.s                               0x00000000   Number         0  cdrcmple.o ABSOLUTE
    dc.s                                     0x00000000   Number         0  dc.o ABSOLUTE
    handlers.s                               0x00000000   Number         0  handlers.o ABSOLUTE
    init.s                                   0x00000000   Number         0  init.o ABSOLUTE
    startup_stm32l476xx.s                    0x00000000   Number         0  startup_stm32l476xx.o ABSOLUTE
    RESET                                    0x08000000   Section      392  startup_stm32l476xx.o(RESET)
    .ARM.Collect$$$$00000000                 0x08000188   Section        0  entry.o(.ARM.Collect$$$$00000000)
    .ARM.Collect$$$$00000001                 0x08000188   Section        4  entry2.o(.ARM.Collect$$$$00000001)
    .ARM.Collect$$$$00000004                 0x0800018c   Section        4  entry5.o(.ARM.Collect$$$$00000004)
    .ARM.Collect$$$$00000008                 0x08000190   Section        0  entry7b.o(.ARM.Collect$$$$00000008)
    .ARM.Collect$$$$0000000A                 0x08000190   Section        0  entry8b.o(.ARM.Collect$$$$0000000A)
    .ARM.Collect$$$$0000000B                 0x08000190   Section        8  entry9a.o(.ARM.Collect$$$$0000000B)
    .ARM.Collect$$$$0000000D                 0x08000198   Section        0  entry10a.o(.ARM.Collect$$$$0000000D)
    .ARM.Collect$$$$0000000F                 0x08000198   Section        0  entry11a.o(.ARM.Collect$$$$0000000F)
    .ARM.Collect$$$$00002712                 0x08000198   Section        4  entry2.o(.ARM.Collect$$$$00002712)
    __lit__00000000                          0x08000198   Data           4  entry2.o(.ARM.Collect$$$$00002712)
    .text                                    0x0800019c   Section       36  startup_stm32l476xx.o(.text)
    $v0                                      0x0800019c   Number         0  startup_stm32l476xx.o(.text)
    .text                                    0x080001c0   Section        0  memseta.o(.text)
    .text                                    0x080001e4   Section        0  uidiv.o(.text)
    .text                                    0x08000210   Section       36  init.o(.text)
    i.BSP_JOY_Init                           0x08000234   Section        0  stm32l476g_discovery.o(i.BSP_JOY_Init)
    i.BSP_LCD_GLASS_Clear                    0x080002ec   Section        0  stm32l476g_discovery_glass_lcd.o(i.BSP_LCD_GLASS_Clear)
    i.BSP_LCD_GLASS_DisplayString            0x080002f8   Section        0  stm32l476g_discovery_glass_lcd.o(i.BSP_LCD_GLASS_DisplayString)
    i.BSP_LCD_GLASS_Init                     0x08000328   Section        0  stm32l476g_discovery_glass_lcd.o(i.BSP_LCD_GLASS_Init)
    i.BSP_LCD_GLASS_ScrollSentence           0x08000374   Section        0  stm32l476g_discovery_glass_lcd.o(i.BSP_LCD_GLASS_ScrollSentence)
    i.BSP_LED_Init                           0x08000454   Section        0  stm32l476g_discovery.o(i.BSP_LED_Init)
    i.BSP_LED_Off                            0x080004c4   Section        0  stm32l476g_discovery.o(i.BSP_LED_Off)
    i.BSP_LED_On                             0x080004e0   Section        0  stm32l476g_discovery.o(i.BSP_LED_On)
    i.BSP_LED_Toggle                         0x080004fc   Section        0  stm32l476g_discovery.o(i.BSP_LED_Toggle)
    i.BusFault_Handler                       0x08000514   Section        0  stm32l4xx_it.o(i.BusFault_Handler)
    i.Convert                                0x08000518   Section        0  stm32l476g_discovery_glass_lcd.o(i.Convert)
    Convert                                  0x08000519   Thumb Code   254  stm32l476g_discovery_glass_lcd.o(i.Convert)
    i.DebugMon_Handler                       0x08000620   Section        0  stm32l4xx_it.o(i.DebugMon_Handler)
    i.EE_FindValidPage                       0x08000624   Section        0  eeprom.o(i.EE_FindValidPage)
    EE_FindValidPage                         0x08000625   Thumb Code    52  eeprom.o(i.EE_FindValidPage)
    i.EE_Format                              0x08000660   Section        0  eeprom.o(i.EE_Format)
    EE_Format                                0x08000661   Thumb Code    90  eeprom.o(i.EE_Format)
    i.EE_Init                                0x080006c4   Section        0  eeprom.o(i.EE_Init)
    i.EE_PageTransfer                        0x08000868   Section        0  eeprom.o(i.EE_PageTransfer)
    EE_PageTransfer                          0x08000869   Thumb Code   168  eeprom.o(i.EE_PageTransfer)
    i.EE_ReadVariable                        0x08000920   Section        0  eeprom.o(i.EE_ReadVariable)
    i.EE_VerifyPageFullWriteVariable         0x08000968   Section        0  eeprom.o(i.EE_VerifyPageFullWriteVariable)
    EE_VerifyPageFullWriteVariable           0x08000969   Thumb Code    80  eeprom.o(i.EE_VerifyPageFullWriteVariable)
    i.EE_VerifyPageFullyErased               0x080009c0   Section        0  eeprom.o(i.EE_VerifyPageFullyErased)
    EE_VerifyPageFullyErased                 0x080009c1   Thumb Code    32  eeprom.o(i.EE_VerifyPageFullyErased)
    i.EE_WriteVariable                       0x080009e4   Section        0  eeprom.o(i.EE_WriteVariable)
    i.EXTI0_IRQHandler                       0x08000a00   Section        0  stm32l4xx_it.o(i.EXTI0_IRQHandler)
    i.EXTI1_IRQHandler                       0x08000a06   Section        0  stm32l4xx_it.o(i.EXTI1_IRQHandler)
    i.EXTI2_IRQHandler                       0x08000a0c   Section        0  stm32l4xx_it.o(i.EXTI2_IRQHandler)
    i.EXTI3_IRQHandler                       0x08000a12   Section        0  stm32l4xx_it.o(i.EXTI3_IRQHandler)
    i.EXTI9_5_IRQHandler                     0x08000a18   Section        0  stm32l4xx_it.o(i.EXTI9_5_IRQHandler)
    i.FLASH_FlushCaches                      0x08000a20   Section        0  stm32l4xx_hal_flash_ex.o(i.FLASH_FlushCaches)
    i.FLASH_MassErase                        0x08000a74   Section        0  stm32l4xx_hal_flash_ex.o(i.FLASH_MassErase)
    FLASH_MassErase                          0x08000a75   Thumb Code    36  stm32l4xx_hal_flash_ex.o(i.FLASH_MassErase)
    i.FLASH_PageErase                        0x08000a9c   Section        0  stm32l4xx_hal_flash_ex.o(i.FLASH_PageErase)
    i.FLASH_Program_DoubleWord               0x08000ad0   Section        0  stm32l4xx_hal_flash.o(i.FLASH_Program_DoubleWord)
    FLASH_Program_DoubleWord                 0x08000ad1   Thumb Code    22  stm32l4xx_hal_flash.o(i.FLASH_Program_DoubleWord)
    i.FLASH_Program_Fast                     0x08000aec   Section        0  stm32l4xx_hal_flash.o(i.FLASH_Program_Fast)
    FLASH_Program_Fast                       0x08000aed   Thumb Code    38  stm32l4xx_hal_flash.o(i.FLASH_Program_Fast)
    i.FLASH_WaitForLastOperation             0x08000b18   Section        0  stm32l4xx_hal_flash.o(i.FLASH_WaitForLastOperation)
    i.HAL_Delay                              0x08000b78   Section        0  stm32l4xx_hal.o(i.HAL_Delay)
    i.HAL_FLASHEx_Erase                      0x08000b9c   Section        0  stm32l4xx_hal_flash_ex.o(i.HAL_FLASHEx_Erase)
    i.HAL_FLASH_Program                      0x08000c88   Section        0  stm32l4xx_hal_flash.o(i.HAL_FLASH_Program)
    i.HAL_FLASH_Unlock                       0x08000d34   Section        0  stm32l4xx_hal_flash.o(i.HAL_FLASH_Unlock)
    i.HAL_GPIO_EXTI_Callback                 0x08000d5c   Section        0  main.o(i.HAL_GPIO_EXTI_Callback)
    i.HAL_GPIO_EXTI_IRQHandler               0x08000e24   Section        0  stm32l4xx_hal_gpio.o(i.HAL_GPIO_EXTI_IRQHandler)
    i.HAL_GPIO_Init                          0x08000e3c   Section        0  stm32l4xx_hal_gpio.o(i.HAL_GPIO_Init)
    i.HAL_GPIO_TogglePin                     0x080010a2   Section        0  stm32l4xx_hal_gpio.o(i.HAL_GPIO_TogglePin)
    i.HAL_GPIO_WritePin                      0x080010b2   Section        0  stm32l4xx_hal_gpio.o(i.HAL_GPIO_WritePin)
    i.HAL_GetTick                            0x080010bc   Section        0  stm32l4xx_hal.o(i.HAL_GetTick)
    i.HAL_IncTick                            0x080010c8   Section        0  stm32l4xx_hal.o(i.HAL_IncTick)
    i.HAL_Init                               0x080010d8   Section        0  stm32l4xx_hal.o(i.HAL_Init)
    i.HAL_InitTick                           0x08001104   Section        0  stm32l4xx_hal.o(i.HAL_InitTick)
    i.HAL_LCD_Clear                          0x08001148   Section        0  stm32l4xx_hal_lcd.o(i.HAL_LCD_Clear)
    i.HAL_LCD_Init                           0x080011c4   Section        0  stm32l4xx_hal_lcd.o(i.HAL_LCD_Init)
    i.HAL_LCD_MspInit                        0x080012c4   Section        0  stm32l4xx_hal_lcd.o(i.HAL_LCD_MspInit)
    i.HAL_LCD_UpdateDisplayRequest           0x080012c6   Section        0  stm32l4xx_hal_lcd.o(i.HAL_LCD_UpdateDisplayRequest)
    i.HAL_LCD_Write                          0x0800131c   Section        0  stm32l4xx_hal_lcd.o(i.HAL_LCD_Write)
    i.HAL_MspInit                            0x080013a0   Section        0  stm32l4xx_hal_msp.o(i.HAL_MspInit)
    i.HAL_NVIC_EnableIRQ                     0x080013cc   Section        0  stm32l4xx_hal_cortex.o(i.HAL_NVIC_EnableIRQ)
    i.HAL_NVIC_SetPriority                   0x080013e8   Section        0  stm32l4xx_hal_cortex.o(i.HAL_NVIC_SetPriority)
    i.HAL_NVIC_SetPriorityGrouping           0x08001428   Section        0  stm32l4xx_hal_cortex.o(i.HAL_NVIC_SetPriorityGrouping)
    i.HAL_PWREx_ControlVoltageScaling        0x0800144c   Section        0  stm32l4xx_hal_pwr_ex.o(i.HAL_PWREx_ControlVoltageScaling)
    i.HAL_PWREx_GetVoltageRange              0x080014b4   Section        0  stm32l4xx_hal_pwr_ex.o(i.HAL_PWREx_GetVoltageRange)
    i.HAL_RCCEx_PeriphCLKConfig              0x080014c4   Section        0  stm32l4xx_hal_rcc_ex.o(i.HAL_RCCEx_PeriphCLKConfig)
    i.HAL_RCC_ClockConfig                    0x08001874   Section        0  stm32l4xx_hal_rcc.o(i.HAL_RCC_ClockConfig)
    i.HAL_RCC_GetSysClockFreq                0x08001994   Section        0  stm32l4xx_hal_rcc.o(i.HAL_RCC_GetSysClockFreq)
    i.HAL_RCC_OscConfig                      0x08001a38   Section        0  stm32l4xx_hal_rcc.o(i.HAL_RCC_OscConfig)
    i.HAL_RNG_ErrorCallback                  0x08001f60   Section        0  stm32l4xx_hal_rng.o(i.HAL_RNG_ErrorCallback)
    i.HAL_RNG_GenerateRandomNumber           0x08001f64   Section        0  stm32l4xx_hal_rng.o(i.HAL_RNG_GenerateRandomNumber)
    i.HAL_RNG_IRQHandler                     0x08001fd8   Section        0  stm32l4xx_hal_rng.o(i.HAL_RNG_IRQHandler)
    i.HAL_RNG_Init                           0x08002038   Section        0  stm32l4xx_hal_rng.o(i.HAL_RNG_Init)
    i.HAL_RNG_MspInit                        0x080020a8   Section        0  stm32l4xx_hal_msp.o(i.HAL_RNG_MspInit)
    i.HAL_RNG_ReadyDataCallback              0x080020e4   Section        0  stm32l4xx_hal_rng.o(i.HAL_RNG_ReadyDataCallback)
    i.HAL_SYSTICK_Config                     0x080020e6   Section        0  stm32l4xx_hal_cortex.o(i.HAL_SYSTICK_Config)
    i.HAL_TIMEx_Break2Callback               0x0800210e   Section        0  stm32l4xx_hal_tim_ex.o(i.HAL_TIMEx_Break2Callback)
    i.HAL_TIMEx_BreakCallback                0x08002110   Section        0  stm32l4xx_hal_tim_ex.o(i.HAL_TIMEx_BreakCallback)
    i.HAL_TIMEx_CommutCallback               0x08002112   Section        0  stm32l4xx_hal_tim_ex.o(i.HAL_TIMEx_CommutCallback)
    i.HAL_TIMEx_MasterConfigSynchronization  0x08002114   Section        0  stm32l4xx_hal_tim_ex.o(i.HAL_TIMEx_MasterConfigSynchronization)
    i.HAL_TIM_Base_Init                      0x080021b0   Section        0  stm32l4xx_hal_tim.o(i.HAL_TIM_Base_Init)
    i.HAL_TIM_Base_MspInit                   0x08002214   Section        0  stm32l4xx_hal_msp.o(i.HAL_TIM_Base_MspInit)
    i.HAL_TIM_Base_Start_IT                  0x08002278   Section        0  stm32l4xx_hal_tim.o(i.HAL_TIM_Base_Start_IT)
    i.HAL_TIM_Base_Stop_IT                   0x080022f8   Section        0  stm32l4xx_hal_tim.o(i.HAL_TIM_Base_Stop_IT)
    i.HAL_TIM_ConfigClockSource              0x08002328   Section        0  stm32l4xx_hal_tim.o(i.HAL_TIM_ConfigClockSource)
    i.HAL_TIM_IC_CaptureCallback             0x08002404   Section        0  stm32l4xx_hal_tim.o(i.HAL_TIM_IC_CaptureCallback)
    i.HAL_TIM_IRQHandler                     0x08002406   Section        0  stm32l4xx_hal_tim.o(i.HAL_TIM_IRQHandler)
    i.HAL_TIM_OC_DelayElapsedCallback        0x0800258a   Section        0  stm32l4xx_hal_tim.o(i.HAL_TIM_OC_DelayElapsedCallback)
    i.HAL_TIM_PWM_PulseFinishedCallback      0x0800258c   Section        0  stm32l4xx_hal_tim.o(i.HAL_TIM_PWM_PulseFinishedCallback)
    i.HAL_TIM_PeriodElapsedCallback          0x08002590   Section        0  main.o(i.HAL_TIM_PeriodElapsedCallback)
    i.HAL_TIM_TriggerCallback                0x08002620   Section        0  stm32l4xx_hal_tim.o(i.HAL_TIM_TriggerCallback)
    i.HardFault_Handler                      0x08002622   Section        0  stm32l4xx_it.o(i.HardFault_Handler)
    i.LCD_MspInit                            0x08002624   Section        0  stm32l476g_discovery_glass_lcd.o(i.LCD_MspInit)
    LCD_MspInit                              0x08002625   Thumb Code   246  stm32l476g_discovery_glass_lcd.o(i.LCD_MspInit)
    i.LCD_WaitForSynchro                     0x0800272c   Section        0  stm32l4xx_hal_lcd.o(i.LCD_WaitForSynchro)
    i.MX_TIM3_Init                           0x0800275c   Section        0  main.o(i.MX_TIM3_Init)
    MX_TIM3_Init                             0x0800275d   Thumb Code    86  main.o(i.MX_TIM3_Init)
    i.MX_TIM4_Init                           0x080027bc   Section        0  main.o(i.MX_TIM4_Init)
    MX_TIM4_Init                             0x080027bd   Thumb Code    86  main.o(i.MX_TIM4_Init)
    i.MemManage_Handler                      0x0800281c   Section        0  stm32l4xx_it.o(i.MemManage_Handler)
    i.NMI_Handler                            0x0800281e   Section        0  stm32l4xx_it.o(i.NMI_Handler)
    i.PendSV_Handler                         0x08002820   Section        0  stm32l4xx_it.o(i.PendSV_Handler)
    i.RCCEx_PLLSAI1_Config                   0x08002824   Section        0  stm32l4xx_hal_rcc_ex.o(i.RCCEx_PLLSAI1_Config)
    RCCEx_PLLSAI1_Config                     0x08002825   Thumb Code   278  stm32l4xx_hal_rcc_ex.o(i.RCCEx_PLLSAI1_Config)
    i.RCCEx_PLLSAI2_Config                   0x08002950   Section        0  stm32l4xx_hal_rcc_ex.o(i.RCCEx_PLLSAI2_Config)
    RCCEx_PLLSAI2_Config                     0x08002951   Thumb Code   250  stm32l4xx_hal_rcc_ex.o(i.RCCEx_PLLSAI2_Config)
    i.RCC_SetFlashLatencyFromMSIRange        0x08002a58   Section        0  stm32l4xx_hal_rcc.o(i.RCC_SetFlashLatencyFromMSIRange)
    RCC_SetFlashLatencyFromMSIRange          0x08002a59   Thumb Code   116  stm32l4xx_hal_rcc.o(i.RCC_SetFlashLatencyFromMSIRange)
    i.RNG_IRQHandler                         0x08002ad4   Section        0  stm32l4xx_it.o(i.RNG_IRQHandler)
    i.SVC_Handler                            0x08002ae0   Section        0  stm32l4xx_it.o(i.SVC_Handler)
    i.SysTick_Handler                        0x08002ae2   Section        0  stm32l4xx_it.o(i.SysTick_Handler)
    i.SystemClock_Config                     0x08002ae6   Section        0  main.o(i.SystemClock_Config)
    i.SystemInit                             0x08002b5c   Section        0  system_stm32l4xx.o(i.SystemInit)
    i.TIM3_IRQHandler                        0x08002ba0   Section        0  stm32l4xx_it.o(i.TIM3_IRQHandler)
    i.TIM4_IRQHandler                        0x08002bac   Section        0  stm32l4xx_it.o(i.TIM4_IRQHandler)
    i.TIM_Base_SetConfig                     0x08002bb8   Section        0  stm32l4xx_hal_tim.o(i.TIM_Base_SetConfig)
    i.TIM_ETR_SetConfig                      0x08002c78   Section        0  stm32l4xx_hal_tim.o(i.TIM_ETR_SetConfig)
    i.TIM_ITRx_SetConfig                     0x08002c8c   Section        0  stm32l4xx_hal_tim.o(i.TIM_ITRx_SetConfig)
    TIM_ITRx_SetConfig                       0x08002c8d   Thumb Code    16  stm32l4xx_hal_tim.o(i.TIM_ITRx_SetConfig)
    i.TIM_TI1_ConfigInputStage               0x08002c9c   Section        0  stm32l4xx_hal_tim.o(i.TIM_TI1_ConfigInputStage)
    TIM_TI1_ConfigInputStage                 0x08002c9d   Thumb Code    34  stm32l4xx_hal_tim.o(i.TIM_TI1_ConfigInputStage)
    i.TIM_TI2_ConfigInputStage               0x08002cbe   Section        0  stm32l4xx_hal_tim.o(i.TIM_TI2_ConfigInputStage)
    TIM_TI2_ConfigInputStage                 0x08002cbf   Thumb Code    36  stm32l4xx_hal_tim.o(i.TIM_TI2_ConfigInputStage)
    i.UsageFault_Handler                     0x08002ce2   Section        0  stm32l4xx_it.o(i.UsageFault_Handler)
    i.WriteChar                              0x08002ce4   Section        0  stm32l476g_discovery_glass_lcd.o(i.WriteChar)
    WriteChar                                0x08002ce5   Thumb Code  1114  stm32l476g_discovery_glass_lcd.o(i.WriteChar)
    i.__0sprintf$1                           0x08003144   Section        0  printf1.o(i.__0sprintf$1)
    i.__NVIC_SetPriority                     0x0800316c   Section        0  stm32l4xx_hal_cortex.o(i.__NVIC_SetPriority)
    __NVIC_SetPriority                       0x0800316d   Thumb Code    32  stm32l4xx_hal_cortex.o(i.__NVIC_SetPriority)
    i.__scatterload_copy                     0x0800318c   Section       14  handlers.o(i.__scatterload_copy)
    i.__scatterload_null                     0x0800319a   Section        2  handlers.o(i.__scatterload_null)
    i.__scatterload_zeroinit                 0x0800319c   Section       14  handlers.o(i.__scatterload_zeroinit)
    i._printf_core                           0x080031ac   Section        0  printf1.o(i._printf_core)
    _printf_core                             0x080031ad   Thumb Code   336  printf1.o(i._printf_core)
    i._sputc                                 0x08003306   Section        0  printf1.o(i._sputc)
    _sputc                                   0x08003307   Thumb Code    10  printf1.o(i._sputc)
    i.main                                   0x08003310   Section        0  main.o(i.main)
    i.select_button_FSM                      0x08003370   Section        0  main.o(i.select_button_FSM)
    .constdata                               0x08003498   Section       72  stm32l476g_discovery_glass_lcd.o(.constdata)
    .constdata                               0x080034e0   Section       20  stm32l476g_discovery.o(.constdata)
    .constdata                               0x080034f4   Section       64  system_stm32l4xx.o(.constdata)
    .data                                    0x20000000   Section        2  stm32l476g_discovery_glass_lcd.o(.data)
    .data                                    0x20000004   Section       36  stm32l476g_discovery.o(.data)
    .data                                    0x20000028   Section        2  eeprom.o(.data)
    .data                                    0x2000002c   Section       22  main.o(.data)
    .data                                    0x20000044   Section       12  stm32l4xx_hal.o(.data)
    .data                                    0x20000050   Section       32  stm32l4xx_hal_flash.o(.data)
    .data                                    0x20000070   Section        4  system_stm32l4xx.o(.data)
    .bss                                     0x20000074   Section       76  stm32l476g_discovery_glass_lcd.o(.bss)
    .bss                                     0x200000c0   Section      168  main.o(.bss)
    STACK                                    0x20000168   Section     1024  startup_stm32l476xx.o(STACK)

    Global Symbols

    Symbol Name                              Value     Ov Type        Size  Object(Section)

    BuildAttributes$$THM_ISAv4$E$P$D$K$B$S$7EM$VFPi3$EXTD16$VFPS$VFMA$PE$A:L22UL41UL21$X:L11$S22US41US21$IEEE1$IW$USESV6$~STKCKD$USESV7$~SHL$OSPACE$ROPI$EBA8$MICROLIB$REQ8$PRES8$EABIv2 0x00000000   Number         0  anon$$obj.o ABSOLUTE
    __ARM_use_no_argv                        0x00000000   Number         0  main.o ABSOLUTE
    _printf_a                                0x00000000   Number         0  stubs.o ABSOLUTE
    _printf_c                                0x00000000   Number         0  stubs.o ABSOLUTE
    _printf_charcount                        0x00000000   Number         0  stubs.o ABSOLUTE
    _printf_d                                0x00000000   Number         0  stubs.o ABSOLUTE
    _printf_e                                0x00000000   Number         0  stubs.o ABSOLUTE
    _printf_f                                0x00000000   Number         0  stubs.o ABSOLUTE
    _printf_flags                            0x00000000   Number         0  stubs.o ABSOLUTE
    _printf_fp_dec                           0x00000000   Number         0  stubs.o ABSOLUTE
    _printf_fp_hex                           0x00000000   Number         0  stubs.o ABSOLUTE
    _printf_g                                0x00000000   Number         0  stubs.o ABSOLUTE
    _printf_i                                0x00000000   Number         0  stubs.o ABSOLUTE
    _printf_int_dec                          0x00000000   Number         0  stubs.o ABSOLUTE
    _printf_l                                0x00000000   Number         0  stubs.o ABSOLUTE
    _printf_lc                               0x00000000   Number         0  stubs.o ABSOLUTE
    _printf_ll                               0x00000000   Number         0  stubs.o ABSOLUTE
    _printf_lld                              0x00000000   Number         0  stubs.o ABSOLUTE
    _printf_lli                              0x00000000   Number         0  stubs.o ABSOLUTE
    _printf_llo                              0x00000000   Number         0  stubs.o ABSOLUTE
    _printf_llu                              0x00000000   Number         0  stubs.o ABSOLUTE
    _printf_llx                              0x00000000   Number         0  stubs.o ABSOLUTE
    _printf_longlong_dec                     0x00000000   Number         0  stubs.o ABSOLUTE
    _printf_longlong_hex                     0x00000000   Number         0  stubs.o ABSOLUTE
    _printf_longlong_oct                     0x00000000   Number         0  stubs.o ABSOLUTE
    _printf_ls                               0x00000000   Number         0  stubs.o ABSOLUTE
    _printf_mbtowc                           0x00000000   Number         0  stubs.o ABSOLUTE
    _printf_n                                0x00000000   Number         0  stubs.o ABSOLUTE
    _printf_o                                0x00000000   Number         0  stubs.o ABSOLUTE
    _printf_p                                0x00000000   Number         0  stubs.o ABSOLUTE
    _printf_percent                          0x00000000   Number         0  stubs.o ABSOLUTE
    _printf_pre_padding                      0x00000000   Number         0  stubs.o ABSOLUTE
    _printf_return_value                     0x00000000   Number         0  stubs.o ABSOLUTE
    _printf_s                                0x00000000   Number         0  stubs.o ABSOLUTE
    _printf_sizespec                         0x00000000   Number         0  stubs.o ABSOLUTE
    _printf_str                              0x00000000   Number         0  stubs.o ABSOLUTE
    _printf_truncate_signed                  0x00000000   Number         0  stubs.o ABSOLUTE
    _printf_truncate_unsigned                0x00000000   Number         0  stubs.o ABSOLUTE
    _printf_u                                0x00000000   Number         0  stubs.o ABSOLUTE
    _printf_wc                               0x00000000   Number         0  stubs.o ABSOLUTE
    _printf_wctomb                           0x00000000   Number         0  stubs.o ABSOLUTE
    _printf_widthprec                        0x00000000   Number         0  stubs.o ABSOLUTE
    _printf_x                                0x00000000   Number         0  stubs.o ABSOLUTE
    __cpp_initialize__aeabi_                  - Undefined Weak Reference
    __cxa_finalize                            - Undefined Weak Reference
    __decompress                              - Undefined Weak Reference
    _clock_init                               - Undefined Weak Reference
    _microlib_exit                            - Undefined Weak Reference
    __Vectors_Size                           0x00000188   Number         0  startup_stm32l476xx.o ABSOLUTE
    __Vectors                                0x08000000   Data           4  startup_stm32l476xx.o(RESET)
    __Vectors_End                            0x08000188   Data           0  startup_stm32l476xx.o(RESET)
    __main                                   0x08000189   Thumb Code     0  entry.o(.ARM.Collect$$$$00000000)
    _main_stk                                0x08000189   Thumb Code     0  entry2.o(.ARM.Collect$$$$00000001)
    _main_scatterload                        0x0800018d   Thumb Code     0  entry5.o(.ARM.Collect$$$$00000004)
    __main_after_scatterload                 0x08000191   Thumb Code     0  entry5.o(.ARM.Collect$$$$00000004)
    _main_clock                              0x08000191   Thumb Code     0  entry7b.o(.ARM.Collect$$$$00000008)
    _main_cpp_init                           0x08000191   Thumb Code     0  entry8b.o(.ARM.Collect$$$$0000000A)
    _main_init                               0x08000191   Thumb Code     0  entry9a.o(.ARM.Collect$$$$0000000B)
    __rt_final_cpp                           0x08000199   Thumb Code     0  entry10a.o(.ARM.Collect$$$$0000000D)
    __rt_final_exit                          0x08000199   Thumb Code     0  entry11a.o(.ARM.Collect$$$$0000000F)
    Reset_Handler                            0x0800019d   Thumb Code     8  startup_stm32l476xx.o(.text)
    ADC1_2_IRQHandler                        0x080001b7   Thumb Code     0  startup_stm32l476xx.o(.text)
    ADC3_IRQHandler                          0x080001b7   Thumb Code     0  startup_stm32l476xx.o(.text)
    CAN1_RX0_IRQHandler                      0x080001b7   Thumb Code     0  startup_stm32l476xx.o(.text)
    CAN1_RX1_IRQHandler                      0x080001b7   Thumb Code     0  startup_stm32l476xx.o(.text)
    CAN1_SCE_IRQHandler                      0x080001b7   Thumb Code     0  startup_stm32l476xx.o(.text)
    CAN1_TX_IRQHandler                       0x080001b7   Thumb Code     0  startup_stm32l476xx.o(.text)
    COMP_IRQHandler                          0x080001b7   Thumb Code     0  startup_stm32l476xx.o(.text)
    DFSDM1_FLT0_IRQHandler                   0x080001b7   Thumb Code     0  startup_stm32l476xx.o(.text)
    DFSDM1_FLT1_IRQHandler                   0x080001b7   Thumb Code     0  startup_stm32l476xx.o(.text)
    DFSDM1_FLT2_IRQHandler                   0x080001b7   Thumb Code     0  startup_stm32l476xx.o(.text)
    DFSDM1_FLT3_IRQHandler                   0x080001b7   Thumb Code     0  startup_stm32l476xx.o(.text)
    DMA1_Channel1_IRQHandler                 0x080001b7   Thumb Code     0  startup_stm32l476xx.o(.text)
    DMA1_Channel2_IRQHandler                 0x080001b7   Thumb Code     0  startup_stm32l476xx.o(.text)
    DMA1_Channel3_IRQHandler                 0x080001b7   Thumb Code     0  startup_stm32l476xx.o(.text)
    DMA1_Channel4_IRQHandler                 0x080001b7   Thumb Code     0  startup_stm32l476xx.o(.text)
    DMA1_Channel5_IRQHandler                 0x080001b7   Thumb Code     0  startup_stm32l476xx.o(.text)
    DMA1_Channel6_IRQHandler                 0x080001b7   Thumb Code     0  startup_stm32l476xx.o(.text)
    DMA1_Channel7_IRQHandler                 0x080001b7   Thumb Code     0  startup_stm32l476xx.o(.text)
    DMA2_Channel1_IRQHandler                 0x080001b7   Thumb Code     0  startup_stm32l476xx.o(.text)
    DMA2_Channel2_IRQHandler                 0x080001b7   Thumb Code     0  startup_stm32l476xx.o(.text)
    DMA2_Channel3_IRQHandler                 0x080001b7   Thumb Code     0  startup_stm32l476xx.o(.text)
    DMA2_Channel4_IRQHandler                 0x080001b7   Thumb Code     0  startup_stm32l476xx.o(.text)
    DMA2_Channel5_IRQHandler                 0x080001b7   Thumb Code     0  startup_stm32l476xx.o(.text)
    DMA2_Channel6_IRQHandler                 0x080001b7   Thumb Code     0  startup_stm32l476xx.o(.text)
    DMA2_Channel7_IRQHandler                 0x080001b7   Thumb Code     0  startup_stm32l476xx.o(.text)
    EXTI15_10_IRQHandler                     0x080001b7   Thumb Code     0  startup_stm32l476xx.o(.text)
    EXTI4_IRQHandler                         0x080001b7   Thumb Code     0  startup_stm32l476xx.o(.text)
    FLASH_IRQHandler                         0x080001b7   Thumb Code     0  startup_stm32l476xx.o(.text)
    FMC_IRQHandler                           0x080001b7   Thumb Code     0  startup_stm32l476xx.o(.text)
    FPU_IRQHandler                           0x080001b7   Thumb Code     0  startup_stm32l476xx.o(.text)
    I2C1_ER_IRQHandler                       0x080001b7   Thumb Code     0  startup_stm32l476xx.o(.text)
    I2C1_EV_IRQHandler                       0x080001b7   Thumb Code     0  startup_stm32l476xx.o(.text)
    I2C2_ER_IRQHandler                       0x080001b7   Thumb Code     0  startup_stm32l476xx.o(.text)
    I2C2_EV_IRQHandler                       0x080001b7   Thumb Code     0  startup_stm32l476xx.o(.text)
    I2C3_ER_IRQHandler                       0x080001b7   Thumb Code     0  startup_stm32l476xx.o(.text)
    I2C3_EV_IRQHandler                       0x080001b7   Thumb Code     0  startup_stm32l476xx.o(.text)
    LCD_IRQHandler                           0x080001b7   Thumb Code     0  startup_stm32l476xx.o(.text)
    LPTIM1_IRQHandler                        0x080001b7   Thumb Code     0  startup_stm32l476xx.o(.text)
    LPTIM2_IRQHandler                        0x080001b7   Thumb Code     0  startup_stm32l476xx.o(.text)
    LPUART1_IRQHandler                       0x080001b7   Thumb Code     0  startup_stm32l476xx.o(.text)
    OTG_FS_IRQHandler                        0x080001b7   Thumb Code     0  startup_stm32l476xx.o(.text)
    PVD_PVM_IRQHandler                       0x080001b7   Thumb Code     0  startup_stm32l476xx.o(.text)
    QUADSPI_IRQHandler                       0x080001b7   Thumb Code     0  startup_stm32l476xx.o(.text)
    RCC_IRQHandler                           0x080001b7   Thumb Code     0  startup_stm32l476xx.o(.text)
    RTC_Alarm_IRQHandler                     0x080001b7   Thumb Code     0  startup_stm32l476xx.o(.text)
    RTC_WKUP_IRQHandler                      0x080001b7   Thumb Code     0  startup_stm32l476xx.o(.text)
    SAI1_IRQHandler                          0x080001b7   Thumb Code     0  startup_stm32l476xx.o(.text)
    SAI2_IRQHandler                          0x080001b7   Thumb Code     0  startup_stm32l476xx.o(.text)
    SDMMC1_IRQHandler                        0x080001b7   Thumb Code     0  startup_stm32l476xx.o(.text)
    SPI1_IRQHandler                          0x080001b7   Thumb Code     0  startup_stm32l476xx.o(.text)
    SPI2_IRQHandler                          0x080001b7   Thumb Code     0  startup_stm32l476xx.o(.text)
    SPI3_IRQHandler                          0x080001b7   Thumb Code     0  startup_stm32l476xx.o(.text)
    SWPMI1_IRQHandler                        0x080001b7   Thumb Code     0  startup_stm32l476xx.o(.text)
    TAMP_STAMP_IRQHandler                    0x080001b7   Thumb Code     0  startup_stm32l476xx.o(.text)
    TIM1_BRK_TIM15_IRQHandler                0x080001b7   Thumb Code     0  startup_stm32l476xx.o(.text)
    TIM1_CC_IRQHandler                       0x080001b7   Thumb Code     0  startup_stm32l476xx.o(.text)
    TIM1_TRG_COM_TIM17_IRQHandler            0x080001b7   Thumb Code     0  startup_stm32l476xx.o(.text)
    TIM1_UP_TIM16_IRQHandler                 0x080001b7   Thumb Code     0  startup_stm32l476xx.o(.text)
    TIM2_IRQHandler                          0x080001b7   Thumb Code     0  startup_stm32l476xx.o(.text)
    TIM5_IRQHandler                          0x080001b7   Thumb Code     0  startup_stm32l476xx.o(.text)
    TIM6_DAC_IRQHandler                      0x080001b7   Thumb Code     0  startup_stm32l476xx.o(.text)
    TIM7_IRQHandler                          0x080001b7   Thumb Code     0  startup_stm32l476xx.o(.text)
    TIM8_BRK_IRQHandler                      0x080001b7   Thumb Code     0  startup_stm32l476xx.o(.text)
    TIM8_CC_IRQHandler                       0x080001b7   Thumb Code     0  startup_stm32l476xx.o(.text)
    TIM8_TRG_COM_IRQHandler                  0x080001b7   Thumb Code     0  startup_stm32l476xx.o(.text)
    TIM8_UP_IRQHandler                       0x080001b7   Thumb Code     0  startup_stm32l476xx.o(.text)
    TSC_IRQHandler                           0x080001b7   Thumb Code     0  startup_stm32l476xx.o(.text)
    UART4_IRQHandler                         0x080001b7   Thumb Code     0  startup_stm32l476xx.o(.text)
    UART5_IRQHandler                         0x080001b7   Thumb Code     0  startup_stm32l476xx.o(.text)
    USART1_IRQHandler                        0x080001b7   Thumb Code     0  startup_stm32l476xx.o(.text)
    USART2_IRQHandler                        0x080001b7   Thumb Code     0  startup_stm32l476xx.o(.text)
    USART3_IRQHandler                        0x080001b7   Thumb Code     0  startup_stm32l476xx.o(.text)
    WWDG_IRQHandler                          0x080001b7   Thumb Code     0  startup_stm32l476xx.o(.text)
    __aeabi_memset                           0x080001c1   Thumb Code    14  memseta.o(.text)
    __aeabi_memset4                          0x080001c1   Thumb Code     0  memseta.o(.text)
    __aeabi_memset8                          0x080001c1   Thumb Code     0  memseta.o(.text)
    __aeabi_memclr                           0x080001cf   Thumb Code     4  memseta.o(.text)
    __aeabi_memclr4                          0x080001cf   Thumb Code     0  memseta.o(.text)
    __aeabi_memclr8                          0x080001cf   Thumb Code     0  memseta.o(.text)
    _memset$wrapper                          0x080001d3   Thumb Code    18  memseta.o(.text)
    __aeabi_uidiv                            0x080001e5   Thumb Code     0  uidiv.o(.text)
    __aeabi_uidivmod                         0x080001e5   Thumb Code    44  uidiv.o(.text)
    __scatterload                            0x08000211   Thumb Code    28  init.o(.text)
    __scatterload_rt2                        0x08000211   Thumb Code     0  init.o(.text)
    BSP_JOY_Init                             0x08000235   Thumb Code   158  stm32l476g_discovery.o(i.BSP_JOY_Init)
    BSP_LCD_GLASS_Clear                      0x080002ed   Thumb Code     6  stm32l476g_discovery_glass_lcd.o(i.BSP_LCD_GLASS_Clear)
    BSP_LCD_GLASS_DisplayString              0x080002f9   Thumb Code    44  stm32l476g_discovery_glass_lcd.o(i.BSP_LCD_GLASS_DisplayString)
    BSP_LCD_GLASS_Init                       0x08000329   Thumb Code    68  stm32l476g_discovery_glass_lcd.o(i.BSP_LCD_GLASS_Init)
    BSP_LCD_GLASS_ScrollSentence             0x08000375   Thumb Code   208  stm32l476g_discovery_glass_lcd.o(i.BSP_LCD_GLASS_ScrollSentence)
    BSP_LED_Init                             0x08000455   Thumb Code    98  stm32l476g_discovery.o(i.BSP_LED_Init)
    BSP_LED_Off                              0x080004c5   Thumb Code    18  stm32l476g_discovery.o(i.BSP_LED_Off)
    BSP_LED_On                               0x080004e1   Thumb Code    18  stm32l476g_discovery.o(i.BSP_LED_On)
    BSP_LED_Toggle                           0x080004fd   Thumb Code    16  stm32l476g_discovery.o(i.BSP_LED_Toggle)
    BusFault_Handler                         0x08000515   Thumb Code     2  stm32l4xx_it.o(i.BusFault_Handler)
    DebugMon_Handler                         0x08000621   Thumb Code     2  stm32l4xx_it.o(i.DebugMon_Handler)
    EE_Init                                  0x080006c5   Thumb Code   390  eeprom.o(i.EE_Init)
    EE_ReadVariable                          0x08000921   Thumb Code    64  eeprom.o(i.EE_ReadVariable)
    EE_WriteVariable                         0x080009e5   Thumb Code    28  eeprom.o(i.EE_WriteVariable)
    EXTI0_IRQHandler                         0x08000a01   Thumb Code     6  stm32l4xx_it.o(i.EXTI0_IRQHandler)
    EXTI1_IRQHandler                         0x08000a07   Thumb Code     6  stm32l4xx_it.o(i.EXTI1_IRQHandler)
    EXTI2_IRQHandler                         0x08000a0d   Thumb Code     6  stm32l4xx_it.o(i.EXTI2_IRQHandler)
    EXTI3_IRQHandler                         0x08000a13   Thumb Code     6  stm32l4xx_it.o(i.EXTI3_IRQHandler)
    EXTI9_5_IRQHandler                       0x08000a19   Thumb Code     6  stm32l4xx_it.o(i.EXTI9_5_IRQHandler)
    FLASH_FlushCaches                        0x08000a21   Thumb Code    76  stm32l4xx_hal_flash_ex.o(i.FLASH_FlushCaches)
    FLASH_PageErase                          0x08000a9d   Thumb Code    46  stm32l4xx_hal_flash_ex.o(i.FLASH_PageErase)
    FLASH_WaitForLastOperation               0x08000b19   Thumb Code    88  stm32l4xx_hal_flash.o(i.FLASH_WaitForLastOperation)
    HAL_Delay                                0x08000b79   Thumb Code    32  stm32l4xx_hal.o(i.HAL_Delay)
    HAL_FLASHEx_Erase                        0x08000b9d   Thumb Code   218  stm32l4xx_hal_flash_ex.o(i.HAL_FLASHEx_Erase)
    HAL_FLASH_Program                        0x08000c89   Thumb Code   156  stm32l4xx_hal_flash.o(i.HAL_FLASH_Program)
    HAL_FLASH_Unlock                         0x08000d35   Thumb Code    28  stm32l4xx_hal_flash.o(i.HAL_FLASH_Unlock)
    HAL_GPIO_EXTI_Callback                   0x08000d5d   Thumb Code   162  main.o(i.HAL_GPIO_EXTI_Callback)
    HAL_GPIO_EXTI_IRQHandler                 0x08000e25   Thumb Code    18  stm32l4xx_hal_gpio.o(i.HAL_GPIO_EXTI_IRQHandler)
    HAL_GPIO_Init                            0x08000e3d   Thumb Code   570  stm32l4xx_hal_gpio.o(i.HAL_GPIO_Init)
    HAL_GPIO_TogglePin                       0x080010a3   Thumb Code    16  stm32l4xx_hal_gpio.o(i.HAL_GPIO_TogglePin)
    HAL_GPIO_WritePin                        0x080010b3   Thumb Code    10  stm32l4xx_hal_gpio.o(i.HAL_GPIO_WritePin)
    HAL_GetTick                              0x080010bd   Thumb Code     6  stm32l4xx_hal.o(i.HAL_GetTick)
    HAL_IncTick                              0x080010c9   Thumb Code    12  stm32l4xx_hal.o(i.HAL_IncTick)
    HAL_Init                                 0x080010d9   Thumb Code    40  stm32l4xx_hal.o(i.HAL_Init)
    HAL_InitTick                             0x08001105   Thumb Code    58  stm32l4xx_hal.o(i.HAL_InitTick)
    HAL_LCD_Clear                            0x08001149   Thumb Code   122  stm32l4xx_hal_lcd.o(i.HAL_LCD_Clear)
    HAL_LCD_Init                             0x080011c5   Thumb Code   252  stm32l4xx_hal_lcd.o(i.HAL_LCD_Init)
    HAL_LCD_MspInit                          0x080012c5   Thumb Code     2  stm32l4xx_hal_lcd.o(i.HAL_LCD_MspInit)
    HAL_LCD_UpdateDisplayRequest             0x080012c7   Thumb Code    84  stm32l4xx_hal_lcd.o(i.HAL_LCD_UpdateDisplayRequest)
    HAL_LCD_Write                            0x0800131d   Thumb Code   132  stm32l4xx_hal_lcd.o(i.HAL_LCD_Write)
    HAL_MspInit                              0x080013a1   Thumb Code    38  stm32l4xx_hal_msp.o(i.HAL_MspInit)
    HAL_NVIC_EnableIRQ                       0x080013cd   Thumb Code    26  stm32l4xx_hal_cortex.o(i.HAL_NVIC_EnableIRQ)
    HAL_NVIC_SetPriority                     0x080013e9   Thumb Code    60  stm32l4xx_hal_cortex.o(i.HAL_NVIC_SetPriority)
    HAL_NVIC_SetPriorityGrouping             0x08001429   Thumb Code    26  stm32l4xx_hal_cortex.o(i.HAL_NVIC_SetPriorityGrouping)
    HAL_PWREx_ControlVoltageScaling          0x0800144d   Thumb Code    90  stm32l4xx_hal_pwr_ex.o(i.HAL_PWREx_ControlVoltageScaling)
    HAL_PWREx_GetVoltageRange                0x080014b5   Thumb Code    10  stm32l4xx_hal_pwr_ex.o(i.HAL_PWREx_GetVoltageRange)
    HAL_RCCEx_PeriphCLKConfig                0x080014c5   Thumb Code   928  stm32l4xx_hal_rcc_ex.o(i.HAL_RCCEx_PeriphCLKConfig)
    HAL_RCC_ClockConfig                      0x08001875   Thumb Code   266  stm32l4xx_hal_rcc.o(i.HAL_RCC_ClockConfig)
    HAL_RCC_GetSysClockFreq                  0x08001995   Thumb Code   150  stm32l4xx_hal_rcc.o(i.HAL_RCC_GetSysClockFreq)
    HAL_RCC_OscConfig                        0x08001a39   Thumb Code  1310  stm32l4xx_hal_rcc.o(i.HAL_RCC_OscConfig)
    HAL_RNG_ErrorCallback                    0x08001f61   Thumb Code     2  stm32l4xx_hal_rng.o(i.HAL_RNG_ErrorCallback)
    HAL_RNG_GenerateRandomNumber             0x08001f65   Thumb Code   116  stm32l4xx_hal_rng.o(i.HAL_RNG_GenerateRandomNumber)
    HAL_RNG_IRQHandler                       0x08001fd9   Thumb Code    94  stm32l4xx_hal_rng.o(i.HAL_RNG_IRQHandler)
    HAL_RNG_Init                             0x08002039   Thumb Code   110  stm32l4xx_hal_rng.o(i.HAL_RNG_Init)
    HAL_RNG_MspInit                          0x080020a9   Thumb Code    50  stm32l4xx_hal_msp.o(i.HAL_RNG_MspInit)
    HAL_RNG_ReadyDataCallback                0x080020e5   Thumb Code     2  stm32l4xx_hal_rng.o(i.HAL_RNG_ReadyDataCallback)
    HAL_SYSTICK_Config                       0x080020e7   Thumb Code    40  stm32l4xx_hal_cortex.o(i.HAL_SYSTICK_Config)
    HAL_TIMEx_Break2Callback                 0x0800210f   Thumb Code     2  stm32l4xx_hal_tim_ex.o(i.HAL_TIMEx_Break2Callback)
    HAL_TIMEx_BreakCallback                  0x08002111   Thumb Code     2  stm32l4xx_hal_tim_ex.o(i.HAL_TIMEx_BreakCallback)
    HAL_TIMEx_CommutCallback                 0x08002113   Thumb Code     2  stm32l4xx_hal_tim_ex.o(i.HAL_TIMEx_CommutCallback)
    HAL_TIMEx_MasterConfigSynchronization    0x08002115   Thumb Code   130  stm32l4xx_hal_tim_ex.o(i.HAL_TIMEx_MasterConfigSynchronization)
    HAL_TIM_Base_Init                        0x080021b1   Thumb Code    98  stm32l4xx_hal_tim.o(i.HAL_TIM_Base_Init)
    HAL_TIM_Base_MspInit                     0x08002215   Thumb Code    86  stm32l4xx_hal_msp.o(i.HAL_TIM_Base_MspInit)
    HAL_TIM_Base_Start_IT                    0x08002279   Thumb Code   100  stm32l4xx_hal_tim.o(i.HAL_TIM_Base_Start_IT)
    HAL_TIM_Base_Stop_IT                     0x080022f9   Thumb Code    48  stm32l4xx_hal_tim.o(i.HAL_TIM_Base_Stop_IT)
    HAL_TIM_ConfigClockSource                0x08002329   Thumb Code   214  stm32l4xx_hal_tim.o(i.HAL_TIM_ConfigClockSource)
    HAL_TIM_IC_CaptureCallback               0x08002405   Thumb Code     2  stm32l4xx_hal_tim.o(i.HAL_TIM_IC_CaptureCallback)
    HAL_TIM_IRQHandler                       0x08002407   Thumb Code   388  stm32l4xx_hal_tim.o(i.HAL_TIM_IRQHandler)
    HAL_TIM_OC_DelayElapsedCallback          0x0800258b   Thumb Code     2  stm32l4xx_hal_tim.o(i.HAL_TIM_OC_DelayElapsedCallback)
    HAL_TIM_PWM_PulseFinishedCallback        0x0800258d   Thumb Code     2  stm32l4xx_hal_tim.o(i.HAL_TIM_PWM_PulseFinishedCallback)
    HAL_TIM_PeriodElapsedCallback            0x08002591   Thumb Code   126  main.o(i.HAL_TIM_PeriodElapsedCallback)
    HAL_TIM_TriggerCallback                  0x08002621   Thumb Code     2  stm32l4xx_hal_tim.o(i.HAL_TIM_TriggerCallback)
    HardFault_Handler                        0x08002623   Thumb Code     2  stm32l4xx_it.o(i.HardFault_Handler)
    LCD_WaitForSynchro                       0x0800272d   Thumb Code    48  stm32l4xx_hal_lcd.o(i.LCD_WaitForSynchro)
    MemManage_Handler                        0x0800281d   Thumb Code     2  stm32l4xx_it.o(i.MemManage_Handler)
    NMI_Handler                              0x0800281f   Thumb Code     2  stm32l4xx_it.o(i.NMI_Handler)
    PendSV_Handler                           0x08002821   Thumb Code     2  stm32l4xx_it.o(i.PendSV_Handler)
    RNG_IRQHandler                           0x08002ad5   Thumb Code     6  stm32l4xx_it.o(i.RNG_IRQHandler)
    SVC_Handler                              0x08002ae1   Thumb Code     2  stm32l4xx_it.o(i.SVC_Handler)
    SysTick_Handler                          0x08002ae3   Thumb Code     4  stm32l4xx_it.o(i.SysTick_Handler)
    SystemClock_Config                       0x08002ae7   Thumb Code   116  main.o(i.SystemClock_Config)
    SystemInit                               0x08002b5d   Thumb Code    56  system_stm32l4xx.o(i.SystemInit)
    TIM3_IRQHandler                          0x08002ba1   Thumb Code     6  stm32l4xx_it.o(i.TIM3_IRQHandler)
    TIM4_IRQHandler                          0x08002bad   Thumb Code     6  stm32l4xx_it.o(i.TIM4_IRQHandler)
    TIM_Base_SetConfig                       0x08002bb9   Thumb Code   160  stm32l4xx_hal_tim.o(i.TIM_Base_SetConfig)
    TIM_ETR_SetConfig                        0x08002c79   Thumb Code    20  stm32l4xx_hal_tim.o(i.TIM_ETR_SetConfig)
    UsageFault_Handler                       0x08002ce3   Thumb Code     2  stm32l4xx_it.o(i.UsageFault_Handler)
    __0sprintf$1                             0x08003145   Thumb Code    34  printf1.o(i.__0sprintf$1)
    __1sprintf$1                             0x08003145   Thumb Code     0  printf1.o(i.__0sprintf$1)
    __2sprintf                               0x08003145   Thumb Code     0  printf1.o(i.__0sprintf$1)
    __scatterload_copy                       0x0800318d   Thumb Code    14  handlers.o(i.__scatterload_copy)
    __scatterload_null                       0x0800319b   Thumb Code     2  handlers.o(i.__scatterload_null)
    __scatterload_zeroinit                   0x0800319d   Thumb Code    14  handlers.o(i.__scatterload_zeroinit)
    main                                     0x08003311   Thumb Code    76  main.o(i.main)
    select_button_FSM                        0x08003371   Thumb Code   242  main.o(i.select_button_FSM)
    CapLetterMap                             0x08003498   Data          52  stm32l476g_discovery_glass_lcd.o(.constdata)
    NumberMap                                0x080034cc   Data          20  stm32l476g_discovery_glass_lcd.o(.constdata)
    LED_PIN                                  0x080034e0   Data           4  stm32l476g_discovery.o(.constdata)
    JOY_IRQn                                 0x080034e4   Data           5  stm32l476g_discovery.o(.constdata)
    JOY_PIN                                  0x080034ea   Data          10  stm32l476g_discovery.o(.constdata)
    AHBPrescTable                            0x080034f4   Data          16  system_stm32l4xx.o(.constdata)
    MSIRangeTable                            0x08003504   Data          48  system_stm32l4xx.o(.constdata)
    Region$$Table$$Base                      0x08003534   Number         0  anon$$obj.o(Region$$Table)
    Region$$Table$$Limit                     0x08003554   Number         0  anon$$obj.o(Region$$Table)
    bLCDGlass_KeyPressed                     0x20000000   Data           1  stm32l476g_discovery_glass_lcd.o(.data)
    LCDBar                                   0x20000001   Data           1  stm32l476g_discovery_glass_lcd.o(.data)
    I2c1Timeout                              0x20000004   Data           4  stm32l476g_discovery.o(.data)
    I2c2Timeout                              0x20000008   Data           4  stm32l476g_discovery.o(.data)
    LED_PORT                                 0x2000000c   Data           8  stm32l476g_discovery.o(.data)
    JOY_PORT                                 0x20000014   Data          20  stm32l476g_discovery.o(.data)
    DataVar                                  0x20000028   Data           2  eeprom.o(.data)
    STATE                                    0x2000002c   Data           1  main.o(.data)
    best_time                                0x2000002e   Data           2  main.o(.data)
    best_time_toggle                         0x20000030   Data           2  main.o(.data)
    VirtAddVarTab                            0x20000032   Data           2  main.o(.data)
    wait_time                                0x20000034   Data           4  main.o(.data)
    m_sec_elapsed                            0x20000038   Data           4  main.o(.data)
    m_sec_string                             0x2000003c   Data           6  main.o(.data)
    uwTickFreq                               0x20000044   Data           1  stm32l4xx_hal.o(.data)
    uwTickPrio                               0x20000048   Data           4  stm32l4xx_hal.o(.data)
    uwTick                                   0x2000004c   Data           4  stm32l4xx_hal.o(.data)
    pFlash                                   0x20000050   Data          32  stm32l4xx_hal_flash.o(.data)
    SystemCoreClock                          0x20000070   Data           4  system_stm32l4xx.o(.data)
    LCDHandle                                0x20000074   Data          60  stm32l476g_discovery_glass_lcd.o(.bss)
    Digit                                    0x200000b0   Data          16  stm32l476g_discovery_glass_lcd.o(.bss)
    hrng                                     0x200000c0   Data          16  main.o(.bss)
    htim3                                    0x200000d0   Data          76  main.o(.bss)
    htim4                                    0x2000011c   Data          76  main.o(.bss)
    __initial_sp                             0x20000568   Data           0  startup_stm32l476xx.o(STACK)



==============================================================================

Memory Map of the image

  Image Entry point : 0x08000189

  Load Region LR_IROM1 (Base: 0x08000000, Size: 0x000035c8, Max: 0x00100000, ABSOLUTE)

    Execution Region ER_IROM1 (Base: 0x08000000, Size: 0x00003554, Max: 0x00100000, ABSOLUTE)

    Base Addr    Size         Type   Attr      Idx    E Section Name        Object

    0x08000000   0x00000188   Data   RO            3    RESET               startup_stm32l476xx.o
    0x08000188   0x00000000   Code   RO         3949  * .ARM.Collect$$$$00000000  mc_w.l(entry.o)
    0x08000188   0x00000004   Code   RO         4215    .ARM.Collect$$$$00000001  mc_w.l(entry2.o)
    0x0800018c   0x00000004   Code   RO         4218    .ARM.Collect$$$$00000004  mc_w.l(entry5.o)
    0x08000190   0x00000000   Code   RO         4220    .ARM.Collect$$$$00000008  mc_w.l(entry7b.o)
    0x08000190   0x00000000   Code   RO         4222    .ARM.Collect$$$$0000000A  mc_w.l(entry8b.o)
    0x08000190   0x00000008   Code   RO         4223    .ARM.Collect$$$$0000000B  mc_w.l(entry9a.o)
    0x08000198   0x00000000   Code   RO         4225    .ARM.Collect$$$$0000000D  mc_w.l(entry10a.o)
    0x08000198   0x00000000   Code   RO         4227    .ARM.Collect$$$$0000000F  mc_w.l(entry11a.o)
    0x08000198   0x00000004   Code   RO         4216    .ARM.Collect$$$$00002712  mc_w.l(entry2.o)
    0x0800019c   0x00000024   Code   RO            4    .text               startup_stm32l476xx.o
    0x080001c0   0x00000024   Code   RO         3952    .text               mc_w.l(memseta.o)
    0x080001e4   0x0000002c   Code   RO         4232    .text               mc_w.l(uidiv.o)
    0x08000210   0x00000024   Code   RO         4247    .text               mc_w.l(init.o)
    0x08000234   0x000000b6   Code   RO          242    i.BSP_JOY_Init      stm32l476g_discovery.o
    0x080002ea   0x00000002   PAD
    0x080002ec   0x0000000c   Code   RO           15    i.BSP_LCD_GLASS_Clear  stm32l476g_discovery_glass_lcd.o
    0x080002f8   0x00000030   Code   RO           22    i.BSP_LCD_GLASS_DisplayString  stm32l476g_discovery_glass_lcd.o
    0x08000328   0x0000004c   Code   RO           23    i.BSP_LCD_GLASS_Init  stm32l476g_discovery_glass_lcd.o
    0x08000374   0x000000de   Code   RO           24    i.BSP_LCD_GLASS_ScrollSentence  stm32l476g_discovery_glass_lcd.o
    0x08000452   0x00000002   PAD
    0x08000454   0x00000070   Code   RO          244    i.BSP_LED_Init      stm32l476g_discovery.o
    0x080004c4   0x0000001c   Code   RO          245    i.BSP_LED_Off       stm32l476g_discovery.o
    0x080004e0   0x0000001c   Code   RO          246    i.BSP_LED_On        stm32l476g_discovery.o
    0x080004fc   0x00000018   Code   RO          247    i.BSP_LED_Toggle    stm32l476g_discovery.o
    0x08000514   0x00000002   Code   RO          599    i.BusFault_Handler  stm32l4xx_it.o
    0x08000516   0x00000002   PAD
    0x08000518   0x00000108   Code   RO           25    i.Convert           stm32l476g_discovery_glass_lcd.o
    0x08000620   0x00000002   Code   RO          600    i.DebugMon_Handler  stm32l4xx_it.o
    0x08000622   0x00000002   PAD
    0x08000624   0x0000003c   Code   RO          447    i.EE_FindValidPage  eeprom.o
    0x08000660   0x00000064   Code   RO          448    i.EE_Format         eeprom.o
    0x080006c4   0x000001a2   Code   RO          449    i.EE_Init           eeprom.o
    0x08000866   0x00000002   PAD
    0x08000868   0x000000b8   Code   RO          450    i.EE_PageTransfer   eeprom.o
    0x08000920   0x00000048   Code   RO          451    i.EE_ReadVariable   eeprom.o
    0x08000968   0x00000058   Code   RO          452    i.EE_VerifyPageFullWriteVariable  eeprom.o
    0x080009c0   0x00000024   Code   RO          453    i.EE_VerifyPageFullyErased  eeprom.o
    0x080009e4   0x0000001c   Code   RO          454    i.EE_WriteVariable  eeprom.o
    0x08000a00   0x00000006   Code   RO          601    i.EXTI0_IRQHandler  stm32l4xx_it.o
    0x08000a06   0x00000006   Code   RO          602    i.EXTI1_IRQHandler  stm32l4xx_it.o
    0x08000a0c   0x00000006   Code   RO          603    i.EXTI2_IRQHandler  stm32l4xx_it.o
    0x08000a12   0x00000006   Code   RO          604    i.EXTI3_IRQHandler  stm32l4xx_it.o
    0x08000a18   0x00000006   Code   RO          605    i.EXTI9_5_IRQHandler  stm32l4xx_it.o
    0x08000a1e   0x00000002   PAD
    0x08000a20   0x00000054   Code   RO         1974    i.FLASH_FlushCaches  stm32l4xx_hal_flash_ex.o
    0x08000a74   0x00000028   Code   RO         1975    i.FLASH_MassErase   stm32l4xx_hal_flash_ex.o
    0x08000a9c   0x00000034   Code   RO         1980    i.FLASH_PageErase   stm32l4xx_hal_flash_ex.o
    0x08000ad0   0x0000001c   Code   RO         1865    i.FLASH_Program_DoubleWord  stm32l4xx_hal_flash.o
    0x08000aec   0x0000002c   Code   RO         1866    i.FLASH_Program_Fast  stm32l4xx_hal_flash.o
    0x08000b18   0x00000060   Code   RO         1867    i.FLASH_WaitForLastOperation  stm32l4xx_hal_flash.o
    0x08000b78   0x00000024   Code   RO          880    i.HAL_Delay         stm32l4xx_hal.o
    0x08000b9c   0x000000ea   Code   RO         1981    i.HAL_FLASHEx_Erase  stm32l4xx_hal_flash_ex.o
    0x08000c86   0x00000002   PAD
    0x08000c88   0x000000aa   Code   RO         1876    i.HAL_FLASH_Program  stm32l4xx_hal_flash.o
    0x08000d32   0x00000002   PAD
    0x08000d34   0x00000028   Code   RO         1878    i.HAL_FLASH_Unlock  stm32l4xx_hal_flash.o
    0x08000d5c   0x000000c8   Code   RO          516    i.HAL_GPIO_EXTI_Callback  main.o
    0x08000e24   0x00000018   Code   RO         2085    i.HAL_GPIO_EXTI_IRQHandler  stm32l4xx_hal_gpio.o
    0x08000e3c   0x00000266   Code   RO         2086    i.HAL_GPIO_Init     stm32l4xx_hal_gpio.o
    0x080010a2   0x00000010   Code   RO         2089    i.HAL_GPIO_TogglePin  stm32l4xx_hal_gpio.o
    0x080010b2   0x0000000a   Code   RO         2090    i.HAL_GPIO_WritePin  stm32l4xx_hal_gpio.o
    0x080010bc   0x0000000c   Code   RO          884    i.HAL_GetTick       stm32l4xx_hal.o
    0x080010c8   0x00000010   Code   RO          890    i.HAL_IncTick       stm32l4xx_hal.o
    0x080010d8   0x0000002c   Code   RO          891    i.HAL_Init          stm32l4xx_hal.o
    0x08001104   0x00000044   Code   RO          892    i.HAL_InitTick      stm32l4xx_hal.o
    0x08001148   0x0000007a   Code   RO         3836    i.HAL_LCD_Clear     stm32l4xx_hal_lcd.o
    0x080011c2   0x00000002   PAD
    0x080011c4   0x00000100   Code   RO         3840    i.HAL_LCD_Init      stm32l4xx_hal_lcd.o
    0x080012c4   0x00000002   Code   RO         3842    i.HAL_LCD_MspInit   stm32l4xx_hal_lcd.o
    0x080012c6   0x00000054   Code   RO         3843    i.HAL_LCD_UpdateDisplayRequest  stm32l4xx_hal_lcd.o
    0x0800131a   0x00000002   PAD
    0x0800131c   0x00000084   Code   RO         3844    i.HAL_LCD_Write     stm32l4xx_hal_lcd.o
    0x080013a0   0x0000002c   Code   RO          723    i.HAL_MspInit       stm32l4xx_hal_msp.o
    0x080013cc   0x0000001a   Code   RO         2633    i.HAL_NVIC_EnableIRQ  stm32l4xx_hal_cortex.o
    0x080013e6   0x00000002   PAD
    0x080013e8   0x00000040   Code   RO         2639    i.HAL_NVIC_SetPriority  stm32l4xx_hal_cortex.o
    0x08001428   0x00000024   Code   RO         2640    i.HAL_NVIC_SetPriorityGrouping  stm32l4xx_hal_cortex.o
    0x0800144c   0x00000068   Code   RO         2377    i.HAL_PWREx_ControlVoltageScaling  stm32l4xx_hal_pwr_ex.o
    0x080014b4   0x00000010   Code   RO         2408    i.HAL_PWREx_GetVoltageRange  stm32l4xx_hal_pwr_ex.o
    0x080014c4   0x000003ae   Code   RO         1739    i.HAL_RCCEx_PeriphCLKConfig  stm32l4xx_hal_rcc_ex.o
    0x08001872   0x00000002   PAD
    0x08001874   0x00000120   Code   RO         1624    i.HAL_RCC_ClockConfig  stm32l4xx_hal_rcc.o
    0x08001994   0x000000a4   Code   RO         1632    i.HAL_RCC_GetSysClockFreq  stm32l4xx_hal_rcc.o
    0x08001a38   0x00000528   Code   RO         1635    i.HAL_RCC_OscConfig  stm32l4xx_hal_rcc.o
    0x08001f60   0x00000002   Code   RO          772    i.HAL_RNG_ErrorCallback  stm32l4xx_hal_rng.o
    0x08001f62   0x00000002   PAD
    0x08001f64   0x00000074   Code   RO          773    i.HAL_RNG_GenerateRandomNumber  stm32l4xx_hal_rng.o
    0x08001fd8   0x0000005e   Code   RO          779    i.HAL_RNG_IRQHandler  stm32l4xx_hal_rng.o
    0x08002036   0x00000002   PAD
    0x08002038   0x0000006e   Code   RO          780    i.HAL_RNG_Init      stm32l4xx_hal_rng.o
    0x080020a6   0x00000002   PAD
    0x080020a8   0x0000003c   Code   RO          725    i.HAL_RNG_MspInit   stm32l4xx_hal_msp.o
    0x080020e4   0x00000002   Code   RO          784    i.HAL_RNG_ReadyDataCallback  stm32l4xx_hal_rng.o
    0x080020e6   0x00000028   Code   RO         2644    i.HAL_SYSTICK_Config  stm32l4xx_hal_cortex.o
    0x0800210e   0x00000002   Code   RO         3551    i.HAL_TIMEx_Break2Callback  stm32l4xx_hal_tim_ex.o
    0x08002110   0x00000002   Code   RO         3552    i.HAL_TIMEx_BreakCallback  stm32l4xx_hal_tim_ex.o
    0x08002112   0x00000002   Code   RO         3553    i.HAL_TIMEx_CommutCallback  stm32l4xx_hal_tim_ex.o
    0x08002114   0x0000009c   Code   RO         3573    i.HAL_TIMEx_MasterConfigSynchronization  stm32l4xx_hal_tim_ex.o
    0x080021b0   0x00000062   Code   RO         2837    i.HAL_TIM_Base_Init  stm32l4xx_hal_tim.o
    0x08002212   0x00000002   PAD
    0x08002214   0x00000064   Code   RO          727    i.HAL_TIM_Base_MspInit  stm32l4xx_hal_msp.o
    0x08002278   0x00000080   Code   RO         2842    i.HAL_TIM_Base_Start_IT  stm32l4xx_hal_tim.o
    0x080022f8   0x00000030   Code   RO         2845    i.HAL_TIM_Base_Stop_IT  stm32l4xx_hal_tim.o
    0x08002328   0x000000dc   Code   RO         2846    i.HAL_TIM_ConfigClockSource  stm32l4xx_hal_tim.o
    0x08002404   0x00000002   Code   RO         2871    i.HAL_TIM_IC_CaptureCallback  stm32l4xx_hal_tim.o
    0x08002406   0x00000184   Code   RO         2885    i.HAL_TIM_IRQHandler  stm32l4xx_hal_tim.o
    0x0800258a   0x00000002   Code   RO         2888    i.HAL_TIM_OC_DelayElapsedCallback  stm32l4xx_hal_tim.o
    0x0800258c   0x00000002   Code   RO         2915    i.HAL_TIM_PWM_PulseFinishedCallback  stm32l4xx_hal_tim.o
    0x0800258e   0x00000002   PAD
    0x08002590   0x00000090   Code   RO          517    i.HAL_TIM_PeriodElapsedCallback  main.o
    0x08002620   0x00000002   Code   RO         2928    i.HAL_TIM_TriggerCallback  stm32l4xx_hal_tim.o
    0x08002622   0x00000002   Code   RO          606    i.HardFault_Handler  stm32l4xx_it.o
    0x08002624   0x00000108   Code   RO           27    i.LCD_MspInit       stm32l476g_discovery_glass_lcd.o
    0x0800272c   0x00000030   Code   RO         3845    i.LCD_WaitForSynchro  stm32l4xx_hal_lcd.o
    0x0800275c   0x00000060   Code   RO          518    i.MX_TIM3_Init      main.o
    0x080027bc   0x00000060   Code   RO          519    i.MX_TIM4_Init      main.o
    0x0800281c   0x00000002   Code   RO          607    i.MemManage_Handler  stm32l4xx_it.o
    0x0800281e   0x00000002   Code   RO          608    i.NMI_Handler       stm32l4xx_it.o
    0x08002820   0x00000002   Code   RO          609    i.PendSV_Handler    stm32l4xx_it.o
    0x08002822   0x00000002   PAD
    0x08002824   0x0000012c   Code   RO         1743    i.RCCEx_PLLSAI1_Config  stm32l4xx_hal_rcc_ex.o
    0x08002950   0x00000108   Code   RO         1744    i.RCCEx_PLLSAI2_Config  stm32l4xx_hal_rcc_ex.o
    0x08002a58   0x0000007c   Code   RO         1636    i.RCC_SetFlashLatencyFromMSIRange  stm32l4xx_hal_rcc.o
    0x08002ad4   0x0000000c   Code   RO          610    i.RNG_IRQHandler    stm32l4xx_it.o
    0x08002ae0   0x00000002   Code   RO          611    i.SVC_Handler       stm32l4xx_it.o
    0x08002ae2   0x00000004   Code   RO          612    i.SysTick_Handler   stm32l4xx_it.o
    0x08002ae6   0x00000074   Code   RO          520    i.SystemClock_Config  main.o
    0x08002b5a   0x00000002   PAD
    0x08002b5c   0x00000044   Code   RO         3915    i.SystemInit        system_stm32l4xx.o
    0x08002ba0   0x0000000c   Code   RO          613    i.TIM3_IRQHandler   stm32l4xx_it.o
    0x08002bac   0x0000000c   Code   RO          614    i.TIM4_IRQHandler   stm32l4xx_it.o
    0x08002bb8   0x000000c0   Code   RO         2930    i.TIM_Base_SetConfig  stm32l4xx_hal_tim.o
    0x08002c78   0x00000014   Code   RO         2941    i.TIM_ETR_SetConfig  stm32l4xx_hal_tim.o
    0x08002c8c   0x00000010   Code   RO         2942    i.TIM_ITRx_SetConfig  stm32l4xx_hal_tim.o
    0x08002c9c   0x00000022   Code   RO         2950    i.TIM_TI1_ConfigInputStage  stm32l4xx_hal_tim.o
    0x08002cbe   0x00000024   Code   RO         2952    i.TIM_TI2_ConfigInputStage  stm32l4xx_hal_tim.o
    0x08002ce2   0x00000002   Code   RO          615    i.UsageFault_Handler  stm32l4xx_it.o
    0x08002ce4   0x00000460   Code   RO           28    i.WriteChar         stm32l476g_discovery_glass_lcd.o
    0x08003144   0x00000028   Code   RO         4001    i.__0sprintf$1      mc_w.l(printf1.o)
    0x0800316c   0x00000020   Code   RO         2646    i.__NVIC_SetPriority  stm32l4xx_hal_cortex.o
    0x0800318c   0x0000000e   Code   RO         4261    i.__scatterload_copy  mc_w.l(handlers.o)
    0x0800319a   0x00000002   Code   RO         4262    i.__scatterload_null  mc_w.l(handlers.o)
    0x0800319c   0x0000000e   Code   RO         4263    i.__scatterload_zeroinit  mc_w.l(handlers.o)
    0x080031aa   0x00000002   PAD
    0x080031ac   0x0000015a   Code   RO         4006    i._printf_core      mc_w.l(printf1.o)
    0x08003306   0x0000000a   Code   RO         4008    i._sputc            mc_w.l(printf1.o)
    0x08003310   0x00000060   Code   RO          521    i.main              main.o
    0x08003370   0x00000128   Code   RO          522    i.select_button_FSM  main.o
    0x08003498   0x00000048   Data   RO           30    .constdata          stm32l476g_discovery_glass_lcd.o
    0x080034e0   0x00000014   Data   RO          268    .constdata          stm32l476g_discovery.o
    0x080034f4   0x00000040   Data   RO         3916    .constdata          system_stm32l4xx.o
    0x08003534   0x00000020   Data   RO         4259    Region$$Table       anon$$obj.o


    Execution Region RW_IRAM2 (Base: 0x10000000, Size: 0x00000000, Max: 0x00008000, ABSOLUTE)

    **** No section assigned to this execution region ****


    Execution Region RW_IRAM1 (Base: 0x20000000, Size: 0x00000568, Max: 0x00018000, ABSOLUTE)

    Base Addr    Size         Type   Attr      Idx    E Section Name        Object

    0x20000000   0x00000002   Data   RW           31    .data               stm32l476g_discovery_glass_lcd.o
    0x20000002   0x00000002   PAD
    0x20000004   0x00000024   Data   RW          269    .data               stm32l476g_discovery.o
    0x20000028   0x00000002   Data   RW          455    .data               eeprom.o
    0x2000002a   0x00000002   PAD
    0x2000002c   0x00000016   Data   RW          524    .data               main.o
    0x20000042   0x00000002   PAD
    0x20000044   0x0000000c   Data   RW          908    .data               stm32l4xx_hal.o
    0x20000050   0x00000020   Data   RW         1879    .data               stm32l4xx_hal_flash.o
    0x20000070   0x00000004   Data   RW         3918    .data               system_stm32l4xx.o
    0x20000074   0x0000004c   Zero   RW           29    .bss                stm32l476g_discovery_glass_lcd.o
    0x200000c0   0x000000a8   Zero   RW          523    .bss                main.o
    0x20000168   0x00000400   Zero   RW            1    STACK               startup_stm32l476xx.o


==============================================================================

Image component sizes


      Code (inc. data)   RO Data    RW Data    ZI Data      Debug   Object Name

       986         76          0          2          0       7201   eeprom.o
      1044        156          0         22        168       5744   main.o
        36          8        392          0       1024        852   startup_stm32l476xx.o
       374         60         20         36          0       5551   stm32l476g_discovery.o
      2006        106         72          2         76     877356   stm32l476g_discovery_glass_lcd.o
       176         28          0         12          0      14521   stm32l4xx_hal.o
       198         14          0          0          0      33935   stm32l4xx_hal_cortex.o
       378         40          0         32          0      22493   stm32l4xx_hal_flash.o
       410         28          0          0          0       3898   stm32l4xx_hal_flash_ex.o
       664         44          0          0          0       4028   stm32l4xx_hal_gpio.o
       644          4          0          0          0       5505   stm32l4xx_hal_lcd.o
       204         30          0          0          0       2203   stm32l4xx_hal_msp.o
       120         20          0          0          0       1398   stm32l4xx_hal_pwr_ex.o
      1896         74          0          0          0       5806   stm32l4xx_hal_rcc.o
      1506         44          0          0          0       4116   stm32l4xx_hal_rcc_ex.o
       324          0          0          0          0       4027   stm32l4xx_hal_rng.o
      1188         66          0          0          0      11024   stm32l4xx_hal_tim.o
       162         26          0          0          0       3152   stm32l4xx_hal_tim_ex.o
        86         18          0          0          0       7996   stm32l4xx_it.o
        68         12         64          4          0       1257   system_stm32l4xx.o

    ----------------------------------------------------------------------
     12508        854        580        116       1268    1022063   Object Totals
         0          0         32          0          0          0   (incl. Generated)
        38          0          0          6          0          0   (incl. Padding)

    ----------------------------------------------------------------------

      Code (inc. data)   RO Data    RW Data    ZI Data      Debug   Library Member Name

         0          0          0          0          0          0   entry.o
         0          0          0          0          0          0   entry10a.o
         0          0          0          0          0          0   entry11a.o
         8          4          0          0          0          0   entry2.o
         4          0          0          0          0          0   entry5.o
         0          0          0          0          0          0   entry7b.o
         0          0          0          0          0          0   entry8b.o
         8          4          0          0          0          0   entry9a.o
        30          0          0          0          0          0   handlers.o
        36          8          0          0          0         68   init.o
        36          0          0          0          0        108   memseta.o
       396         10          0          0          0        252   printf1.o
        44          0          0          0          0         80   uidiv.o

    ----------------------------------------------------------------------
       564         26          0          0          0        508   Library Totals
         2          0          0          0          0          0   (incl. Padding)

    ----------------------------------------------------------------------

      Code (inc. data)   RO Data    RW Data    ZI Data      Debug   Library Name

       562         26          0          0          0        508   mc_w.l

    ----------------------------------------------------------------------
       564         26          0          0          0        508   Library Totals

    ----------------------------------------------------------------------

==============================================================================


      Code (inc. data)   RO Data    RW Data    ZI Data      Debug   

     13072        880        580        116       1268    1012419   Grand Totals
     13072        880        580        116       1268    1012419   ELF Image Totals
     13072        880        580        116          0          0   ROM Totals

==============================================================================

    Total RO  Size (Code + RO Data)                13652 (  13.33kB)
    Total RW  Size (RW Data + ZI Data)              1384 (   1.35kB)
    Total ROM Size (Code + RO Data + RW Data)      13768 (  13.45kB)

==============================================================================

